Component: ARM Compiler 5.06 update 1 (build 61) Tool: armlink [4d35a8]

==============================================================================

Section Cross References

    main.o(i.main) refers to init.o(i.init_all) for init_all
    init.o(i.init_all) refers to led_driver.o(i.led_init) for led_init
    init.o(i.init_all) refers to usart_driver.o(i.USART1_Init) for USART1_Init
    init.o(i.init_all) refers to stm32f10x_gpio.o(i.GPIO_ResetBits) for GPIO_ResetBits
    init.o(i.init_all) refers to misc.o(i.NVIC_PriorityGroupConfig) for NVIC_PriorityGroupConfig
    init.o(i.init_all) refers to i2c_driver.o(i.I2C1_Init) for I2C1_Init
    init.o(i.init_all) refers to mpu9250_driver.o(i.MPU9250_init) for MPU9250_init
    init.o(i.init_all) refers to sys_time_driver.o(i.delay_ms_soft) for delay_ms_soft
    init.o(i.init_all) refers to stm32f10x_gpio.o(i.GPIO_SetBits) for GPIO_SetBits
    init.o(i.init_all) refers to sys_time_driver.o(i.sys_time_init) for sys_time_init
    duty.o(i.duty10ms) refers to to_pc.o(i.Send_Status) for Send_Status
    duty.o(i.duty10ms) refers to mpu9250_driver.o(.bss) for mpu_data
    duty.o(i.duty1ms) refers to mpu9250_driver.o(i.MPU9250_get_data) for MPU9250_get_data
    duty.o(i.duty2ms) refers to stm32f10x_gpio.o(i.GPIO_SetBits) for GPIO_SetBits
    stm32f10x_adc.o(i.ADC_DeInit) refers to stm32f10x_rcc.o(i.RCC_APB2PeriphResetCmd) for RCC_APB2PeriphResetCmd
    stm32f10x_bkp.o(i.BKP_DeInit) refers to stm32f10x_rcc.o(i.RCC_BackupResetCmd) for RCC_BackupResetCmd
    stm32f10x_can.o(i.CAN_DeInit) refers to stm32f10x_rcc.o(i.RCC_APB1PeriphResetCmd) for RCC_APB1PeriphResetCmd
    stm32f10x_can.o(i.CAN_GetITStatus) refers to stm32f10x_can.o(i.CheckITStatus) for CheckITStatus
    stm32f10x_cec.o(i.CEC_DeInit) refers to stm32f10x_rcc.o(i.RCC_APB1PeriphResetCmd) for RCC_APB1PeriphResetCmd
    stm32f10x_dac.o(i.DAC_DeInit) refers to stm32f10x_rcc.o(i.RCC_APB1PeriphResetCmd) for RCC_APB1PeriphResetCmd
    stm32f10x_flash.o(i.FLASH_EnableWriteProtection) refers to stm32f10x_flash.o(i.FLASH_WaitForLastOperation) for FLASH_WaitForLastOperation
    stm32f10x_flash.o(i.FLASH_EraseAllBank1Pages) refers to stm32f10x_flash.o(i.FLASH_WaitForLastBank1Operation) for FLASH_WaitForLastBank1Operation
    stm32f10x_flash.o(i.FLASH_EraseAllPages) refers to stm32f10x_flash.o(i.FLASH_WaitForLastOperation) for FLASH_WaitForLastOperation
    stm32f10x_flash.o(i.FLASH_EraseOptionBytes) refers to stm32f10x_flash.o(i.FLASH_GetReadOutProtectionStatus) for FLASH_GetReadOutProtectionStatus
    stm32f10x_flash.o(i.FLASH_EraseOptionBytes) refers to stm32f10x_flash.o(i.FLASH_WaitForLastOperation) for FLASH_WaitForLastOperation
    stm32f10x_flash.o(i.FLASH_ErasePage) refers to stm32f10x_flash.o(i.FLASH_WaitForLastOperation) for FLASH_WaitForLastOperation
    stm32f10x_flash.o(i.FLASH_ProgramHalfWord) refers to stm32f10x_flash.o(i.FLASH_WaitForLastOperation) for FLASH_WaitForLastOperation
    stm32f10x_flash.o(i.FLASH_ProgramOptionByteData) refers to stm32f10x_flash.o(i.FLASH_WaitForLastOperation) for FLASH_WaitForLastOperation
    stm32f10x_flash.o(i.FLASH_ProgramWord) refers to stm32f10x_flash.o(i.FLASH_WaitForLastOperation) for FLASH_WaitForLastOperation
    stm32f10x_flash.o(i.FLASH_ReadOutProtection) refers to stm32f10x_flash.o(i.FLASH_WaitForLastOperation) for FLASH_WaitForLastOperation
    stm32f10x_flash.o(i.FLASH_UserOptionByteConfig) refers to stm32f10x_flash.o(i.FLASH_WaitForLastOperation) for FLASH_WaitForLastOperation
    stm32f10x_flash.o(i.FLASH_WaitForLastBank1Operation) refers to stm32f10x_flash.o(i.FLASH_GetBank1Status) for FLASH_GetBank1Status
    stm32f10x_flash.o(i.FLASH_WaitForLastOperation) refers to stm32f10x_flash.o(i.FLASH_GetBank1Status) for FLASH_GetBank1Status
    stm32f10x_gpio.o(i.GPIO_AFIODeInit) refers to stm32f10x_rcc.o(i.RCC_APB2PeriphResetCmd) for RCC_APB2PeriphResetCmd
    stm32f10x_gpio.o(i.GPIO_DeInit) refers to stm32f10x_rcc.o(i.RCC_APB2PeriphResetCmd) for RCC_APB2PeriphResetCmd
    stm32f10x_i2c.o(i.I2C_DeInit) refers to stm32f10x_rcc.o(i.RCC_APB1PeriphResetCmd) for RCC_APB1PeriphResetCmd
    stm32f10x_i2c.o(i.I2C_Init) refers to stm32f10x_rcc.o(i.RCC_GetClocksFreq) for RCC_GetClocksFreq
    stm32f10x_it.o(i.SysTick_Handler) refers to sys_time_driver.o(i.heart_beat) for heart_beat
    stm32f10x_it.o(i.SysTick_Handler) refers to sys_time_driver.o(.data) for sysTickCnt
    stm32f10x_pwr.o(i.PWR_DeInit) refers to stm32f10x_rcc.o(i.RCC_APB1PeriphResetCmd) for RCC_APB1PeriphResetCmd
    stm32f10x_rcc.o(i.RCC_GetClocksFreq) refers to stm32f10x_rcc.o(.data) for APBAHBPrescTable
    stm32f10x_rcc.o(i.RCC_WaitForHSEStartUp) refers to stm32f10x_rcc.o(i.RCC_GetFlagStatus) for RCC_GetFlagStatus
    stm32f10x_rtc.o(i.RTC_SetAlarm) refers to stm32f10x_rtc.o(i.RTC_EnterConfigMode) for RTC_EnterConfigMode
    stm32f10x_rtc.o(i.RTC_SetAlarm) refers to stm32f10x_rtc.o(i.RTC_ExitConfigMode) for RTC_ExitConfigMode
[...]
    Removing stm32f10x_rtc.o(i.RTC_SetCounter), (28 bytes).
    Removing stm32f10x_rtc.o(i.RTC_SetPrescaler), (32 bytes).
    Removing stm32f10x_rtc.o(i.RTC_WaitForLastTask), (20 bytes).
    Removing stm32f10x_rtc.o(i.RTC_WaitForSynchro), (36 bytes).
    Removing stm32f10x_sdio.o(.rev16_text), (4 bytes).
    Removing stm32f10x_sdio.o(.revsh_text), (4 bytes).
    Removing stm32f10x_sdio.o(.rrx_text), (6 bytes).
    Removing stm32f10x_sdio.o(i.SDIO_CEATAITCmd), (16 bytes).
    Removing stm32f10x_sdio.o(i.SDIO_ClearFlag), (12 bytes).
    Removing stm32f10x_sdio.o(i.SDIO_ClearITPendingBit), (12 bytes).
    Removing stm32f10x_sdio.o(i.SDIO_ClockCmd), (12 bytes).
    Removing stm32f10x_sdio.o(i.SDIO_CmdStructInit), (14 bytes).
    Removing stm32f10x_sdio.o(i.SDIO_CommandCompletionCmd), (12 bytes).
    Removing stm32f10x_sdio.o(i.SDIO_DMACmd), (12 bytes).
    Removing stm32f10x_sdio.o(i.SDIO_DataConfig), (48 bytes).
    Removing stm32f10x_sdio.o(i.SDIO_DataStructInit), (20 bytes).
    Removing stm32f10x_sdio.o(i.SDIO_DeInit), (36 bytes).
    Removing stm32f10x_sdio.o(i.SDIO_GetCommandResponse), (12 bytes).
    Removing stm32f10x_sdio.o(i.SDIO_GetDataCounter), (12 bytes).
    Removing stm32f10x_sdio.o(i.SDIO_GetFIFOCount), (12 bytes).
    Removing stm32f10x_sdio.o(i.SDIO_GetFlagStatus), (24 bytes).
    Removing stm32f10x_sdio.o(i.SDIO_GetITStatus), (24 bytes).
    Removing stm32f10x_sdio.o(i.SDIO_GetPowerState), (16 bytes).
    Removing stm32f10x_sdio.o(i.SDIO_GetResponse), (24 bytes).
    Removing stm32f10x_sdio.o(i.SDIO_ITConfig), (32 bytes).
    Removing stm32f10x_sdio.o(i.SDIO_Init), (48 bytes).
    Removing stm32f10x_sdio.o(i.SDIO_ReadData), (12 bytes).
    Removing stm32f10x_sdio.o(i.SDIO_SendCEATACmd), (12 bytes).
    Removing stm32f10x_sdio.o(i.SDIO_SendCommand), (44 bytes).
    Removing stm32f10x_sdio.o(i.SDIO_SendSDIOSuspendCmd), (12 bytes).
    Removing stm32f10x_sdio.o(i.SDIO_SetPowerState), (28 bytes).
    Removing stm32f10x_sdio.o(i.SDIO_SetSDIOOperation), (12 bytes).
    Removing stm32f10x_sdio.o(i.SDIO_SetSDIOReadWaitMode), (12 bytes).
    Removing stm32f10x_sdio.o(i.SDIO_StartSDIOReadWait), (12 bytes).
    Removing stm32f10x_sdio.o(i.SDIO_StopSDIOReadWait), (12 bytes).
    Removing stm32f10x_sdio.o(i.SDIO_StructInit), (16 bytes).
    Removing stm32f10x_sdio.o(i.SDIO_WriteData), (12 bytes).
    Removing stm32f10x_spi.o(.rev16_text), (4 bytes).
    Removing stm32f10x_spi.o(.revsh_text), (4 bytes).
    Removing stm32f10x_spi.o(.rrx_text), (6 bytes).
    Removing stm32f10x_spi.o(i.I2S_Cmd), (24 bytes).
    Removing stm32f10x_spi.o(i.I2S_Init), (232 bytes).
    Removing stm32f10x_spi.o(i.I2S_StructInit), (20 bytes).
    Removing stm32f10x_spi.o(i.SPI_BiDirectionalLineConfig), (28 bytes).
    Removing stm32f10x_spi.o(i.SPI_CalculateCRC), (24 bytes).
    Removing stm32f10x_spi.o(i.SPI_Cmd), (24 bytes).
    Removing stm32f10x_spi.o(i.SPI_DataSizeConfig), (18 bytes).
    Removing stm32f10x_spi.o(i.SPI_GetCRC), (16 bytes).
    Removing stm32f10x_spi.o(i.SPI_GetCRCPolynomial), (6 bytes).
    Removing stm32f10x_spi.o(i.SPI_I2S_ClearFlag), (6 bytes).
    Removing stm32f10x_spi.o(i.SPI_I2S_ClearITPendingBit), (20 bytes).
    Removing stm32f10x_spi.o(i.SPI_I2S_DMACmd), (18 bytes).
    Removing stm32f10x_spi.o(i.SPI_I2S_DeInit), (88 bytes).
    Removing stm32f10x_spi.o(i.SPI_I2S_GetFlagStatus), (18 bytes).
    Removing stm32f10x_spi.o(i.SPI_I2S_GetITStatus), (52 bytes).
    Removing stm32f10x_spi.o(i.SPI_I2S_ITConfig), (32 bytes).
    Removing stm32f10x_spi.o(i.SPI_I2S_ReceiveData), (6 bytes).
    Removing stm32f10x_spi.o(i.SPI_I2S_SendData), (4 bytes).
    Removing stm32f10x_spi.o(i.SPI_Init), (60 bytes).
    Removing stm32f10x_spi.o(i.SPI_NSSInternalSoftwareConfig), (30 bytes).
    Removing stm32f10x_spi.o(i.SPI_SSOutputCmd), (24 bytes).
    Removing stm32f10x_spi.o(i.SPI_StructInit), (24 bytes).
    Removing stm32f10x_spi.o(i.SPI_TransmitCRC), (10 bytes).
    Removing stm32f10x_tim.o(.rev16_text), (4 bytes).
    Removing stm32f10x_tim.o(.revsh_text), (4 bytes).
    Removing stm32f10x_tim.o(.rrx_text), (6 bytes).
    Removing stm32f10x_tim.o(i.TI1_Config), (128 bytes).
    Removing stm32f10x_tim.o(i.TI2_Config), (152 bytes).
    Removing stm32f10x_tim.o(i.TI3_Config), (144 bytes).
    Removing stm32f10x_tim.o(i.TI4_Config), (152 bytes).
    Removing stm32f10x_tim.o(i.TIM_ARRPreloadConfig), (24 bytes).
    Removing stm32f10x_tim.o(i.TIM_BDTRConfig), (32 bytes).
    Removing stm32f10x_tim.o(i.TIM_BDTRStructInit), (18 bytes).
    Removing stm32f10x_tim.o(i.TIM_CCPreloadControl), (24 bytes).
    Removing stm32f10x_tim.o(i.TIM_CCxCmd), (30 bytes).
    Removing stm32f10x_tim.o(i.TIM_CCxNCmd), (30 bytes).
    Removing stm32f10x_tim.o(i.TIM_ClearFlag), (6 bytes).
    Removing stm32f10x_tim.o(i.TIM_ClearOC1Ref), (18 bytes).
    Removing stm32f10x_tim.o(i.TIM_ClearOC2Ref), (24 bytes).
    Removing stm32f10x_tim.o(i.TIM_ClearOC3Ref), (18 bytes).
    Removing stm32f10x_tim.o(i.TIM_ClearOC4Ref), (24 bytes).
    Removing stm32f10x_tim.o(i.TIM_Cmd), (24 bytes).
    Removing stm32f10x_tim.o(i.TIM_CounterModeConfig), (18 bytes).
    Removing stm32f10x_tim.o(i.TIM_CtrlPWMOutputs), (30 bytes).
    Removing stm32f10x_tim.o(i.TIM_DMACmd), (18 bytes).
    Removing stm32f10x_tim.o(i.TIM_DMAConfig), (10 bytes).
    Removing stm32f10x_tim.o(i.TIM_DeInit), (488 bytes).
    Removing stm32f10x_tim.o(i.TIM_ETRClockMode1Config), (54 bytes).
    Removing stm32f10x_tim.o(i.TIM_ETRClockMode2Config), (32 bytes).
    Removing stm32f10x_tim.o(i.TIM_ETRConfig), (28 bytes).
    Removing stm32f10x_tim.o(i.TIM_EncoderInterfaceConfig), (66 bytes).
    Removing stm32f10x_tim.o(i.TIM_ForcedOC1Config), (18 bytes).
    Removing stm32f10x_tim.o(i.TIM_ForcedOC2Config), (26 bytes).
    Removing stm32f10x_tim.o(i.TIM_ForcedOC3Config), (18 bytes).
    Removing stm32f10x_tim.o(i.TIM_ForcedOC4Config), (26 bytes).
    Removing stm32f10x_tim.o(i.TIM_GenerateEvent), (4 bytes).
    Removing stm32f10x_tim.o(i.TIM_GetCounter), (6 bytes).
    Removing stm32f10x_tim.o(i.TIM_GetFlagStatus), (18 bytes).
    Removing stm32f10x_tim.o(i.TIM_GetPrescaler), (6 bytes).
    Removing stm32f10x_tim.o(i.TIM_ICInit), (172 bytes).
    Removing stm32f10x_tim.o(i.TIM_ICStructInit), (18 bytes).
    Removing stm32f10x_tim.o(i.TIM_ITConfig), (18 bytes).
    Removing stm32f10x_tim.o(i.TIM_ITRxExternalClockConfig), (24 bytes).
    Removing stm32f10x_tim.o(i.TIM_InternalClockConfig), (12 bytes).
    Removing stm32f10x_tim.o(i.TIM_OC1FastConfig), (18 bytes).
    Removing stm32f10x_tim.o(i.TIM_OC1Init), (152 bytes).
    Removing stm32f10x_tim.o(i.TIM_OC1NPolarityConfig), (18 bytes).
    Removing stm32f10x_tim.o(i.TIM_OC1PreloadConfig), (18 bytes).
    Removing stm32f10x_tim.o(i.TIM_OC2FastConfig), (26 bytes).
    Removing stm32f10x_tim.o(i.TIM_OC2Init), (164 bytes).
    Removing stm32f10x_tim.o(i.TIM_OC2NPolarityConfig), (26 bytes).
    Removing stm32f10x_tim.o(i.TIM_OC2PreloadConfig), (26 bytes).
    Removing stm32f10x_tim.o(i.TIM_OC3FastConfig), (18 bytes).
    Removing stm32f10x_tim.o(i.TIM_OC3Init), (160 bytes).
    Removing stm32f10x_tim.o(i.TIM_OC3NPolarityConfig), (26 bytes).
    Removing stm32f10x_tim.o(i.TIM_OC3PreloadConfig), (18 bytes).
    Removing stm32f10x_tim.o(i.TIM_OC4FastConfig), (26 bytes).
    Removing stm32f10x_tim.o(i.TIM_OC4Init), (124 bytes).
    Removing stm32f10x_tim.o(i.TIM_OC4PreloadConfig), (26 bytes).
    Removing stm32f10x_tim.o(i.TIM_OCStructInit), (20 bytes).
    Removing stm32f10x_tim.o(i.TIM_PWMIConfig), (124 bytes).
    Removing stm32f10x_tim.o(i.TIM_PrescalerConfig), (6 bytes).
    Removing stm32f10x_tim.o(i.TIM_SelectCCDMA), (24 bytes).
    Removing stm32f10x_tim.o(i.TIM_SelectCOM), (24 bytes).
    Removing stm32f10x_tim.o(i.TIM_SelectHallSensor), (24 bytes).
    Removing stm32f10x_tim.o(i.TIM_SelectInputTrigger), (18 bytes).
    Removing stm32f10x_tim.o(i.TIM_SelectMasterSlaveMode), (18 bytes).
    Removing stm32f10x_tim.o(i.TIM_SelectOCxM), (82 bytes).
    Removing stm32f10x_tim.o(i.TIM_SelectOnePulseMode), (18 bytes).
    Removing stm32f10x_tim.o(i.TIM_SelectOutputTrigger), (18 bytes).
    Removing stm32f10x_tim.o(i.TIM_SelectSlaveMode), (18 bytes).
    Removing stm32f10x_tim.o(i.TIM_SetAutoreload), (4 bytes).
    Removing stm32f10x_tim.o(i.TIM_SetClockDivision), (18 bytes).
    Removing stm32f10x_tim.o(i.TIM_SetCompare1), (4 bytes).
    Removing stm32f10x_tim.o(i.TIM_SetCompare2), (4 bytes).
    Removing stm32f10x_tim.o(i.TIM_SetCompare3), (4 bytes).
    Removing stm32f10x_tim.o(i.TIM_SetCompare4), (6 bytes).
    Removing stm32f10x_tim.o(i.TIM_SetCounter), (4 bytes).
    Removing stm32f10x_tim.o(i.TIM_SetIC1Prescaler), (18 bytes).
    Removing stm32f10x_tim.o(i.TIM_SetIC2Prescaler), (26 bytes).
    Removing stm32f10x_tim.o(i.TIM_SetIC3Prescaler), (18 bytes).
    Removing stm32f10x_tim.o(i.TIM_SetIC4Prescaler), (26 bytes).
    Removing stm32f10x_tim.o(i.TIM_TIxExternalClockConfig), (62 bytes).
    Removing stm32f10x_tim.o(i.TIM_TimeBaseInit), (164 bytes).
    Removing stm32f10x_tim.o(i.TIM_TimeBaseStructInit), (18 bytes).
    Removing stm32f10x_tim.o(i.TIM_UpdateDisableConfig), (24 bytes).
    Removing stm32f10x_tim.o(i.TIM_UpdateRequestConfig), (24 bytes).
    Removing stm32f10x_usart.o(.rev16_text), (4 bytes).
    Removing stm32f10x_usart.o(.revsh_text), (4 bytes).
    Removing stm32f10x_usart.o(.rrx_text), (6 bytes).
    Removing stm32f10x_usart.o(i.USART_ClearFlag), (18 bytes).
    Removing stm32f10x_usart.o(i.USART_ClearITPendingBit), (30 bytes).
    Removing stm32f10x_usart.o(i.USART_ClockInit), (34 bytes).
    Removing stm32f10x_usart.o(i.USART_ClockStructInit), (12 bytes).
    Removing stm32f10x_usart.o(i.USART_DMACmd), (18 bytes).
    Removing stm32f10x_usart.o(i.USART_DeInit), (156 bytes).
    Removing stm32f10x_usart.o(i.USART_GetFlagStatus), (26 bytes).
    Removing stm32f10x_usart.o(i.USART_HalfDuplexCmd), (24 bytes).
    Removing stm32f10x_usart.o(i.USART_IrDACmd), (24 bytes).
    Removing stm32f10x_usart.o(i.USART_IrDAConfig), (18 bytes).
    Removing stm32f10x_usart.o(i.USART_LINBreakDetectLengthConfig), (18 bytes).
    Removing stm32f10x_usart.o(i.USART_LINCmd), (24 bytes).
    Removing stm32f10x_usart.o(i.USART_OneBitMethodCmd), (24 bytes).
    Removing stm32f10x_usart.o(i.USART_OverSampling8Cmd), (22 bytes).
    Removing stm32f10x_usart.o(i.USART_ReceiveData), (10 bytes).
    Removing stm32f10x_usart.o(i.USART_ReceiverWakeUpCmd), (24 bytes).
    Removing stm32f10x_usart.o(i.USART_SendBreak), (10 bytes).
    Removing stm32f10x_usart.o(i.USART_SetAddress), (18 bytes).
    Removing stm32f10x_usart.o(i.USART_SetGuardTime), (16 bytes).
    Removing stm32f10x_usart.o(i.USART_SetPrescaler), (16 bytes).
    Removing stm32f10x_usart.o(i.USART_SmartCardCmd), (24 bytes).
    Removing stm32f10x_usart.o(i.USART_SmartCardNACKCmd), (24 bytes).
    Removing stm32f10x_usart.o(i.USART_StructInit), (24 bytes).
    Removing stm32f10x_usart.o(i.USART_WakeUpConfig), (18 bytes).
    Removing stm32f10x_wwdg.o(.rev16_text), (4 bytes).
    Removing stm32f10x_wwdg.o(.revsh_text), (4 bytes).
    Removing stm32f10x_wwdg.o(.rrx_text), (6 bytes).
    Removing stm32f10x_wwdg.o(i.WWDG_ClearFlag), (12 bytes).
    Removing stm32f10x_wwdg.o(i.WWDG_DeInit), (22 bytes).
    Removing stm32f10x_wwdg.o(i.WWDG_Enable), (16 bytes).
    Removing stm32f10x_wwdg.o(i.WWDG_EnableIT), (12 bytes).
    Removing stm32f10x_wwdg.o(i.WWDG_GetFlagStatus), (12 bytes).
    Removing stm32f10x_wwdg.o(i.WWDG_SetCounter), (16 bytes).
    Removing stm32f10x_wwdg.o(i.WWDG_SetPrescaler), (24 bytes).
    Removing stm32f10x_wwdg.o(i.WWDG_SetWindowValue), (40 bytes).
    Removing led_driver.o(.rev16_text), (4 bytes).
    Removing led_driver.o(.revsh_text), (4 bytes).
    Removing led_driver.o(.rrx_text), (6 bytes).
    Removing sys_time_driver.o(.rev16_text), (4 bytes).
    Removing sys_time_driver.o(.revsh_text), (4 bytes).
    Removing sys_time_driver.o(.rrx_text), (6 bytes).
    Removing sys_time_driver.o(i.GetSysTime_us), (36 bytes).
    Removing sys_time_driver.o(i.delay_ms), (24 bytes).
    Removing sys_time_driver.o(i.delay_us), (24 bytes).
    Removing to_pc.o(.rev16_text), (4 bytes).
    Removing to_pc.o(.revsh_text), (4 bytes).
    Removing to_pc.o(.rrx_text), (6 bytes).
    Removing usart_driver.o(.rev16_text), (4 bytes).
    Removing usart_driver.o(.revsh_text), (4 bytes).
    Removing usart_driver.o(.rrx_text), (6 bytes).
    Removing usart_driver.o(i.USART1_recData), (32 bytes).
    Removing usart_driver.o(i.USART2_Init), (172 bytes).
    Removing usart_driver.o(i.USART2_recData), (32 bytes).
    Removing usart_driver.o(i.USART2_sendData), (56 bytes).
    Removing usart_driver.o(i.fputc), (36 bytes).
    Removing pwm_driver.o(.rev16_text), (4 bytes).
    Removing pwm_driver.o(.revsh_text), (4 bytes).
    Removing pwm_driver.o(.rrx_text), (6 bytes).
    Removing pwm_driver.o(i.TIM3_PWM_Init), (224 bytes).
    Removing pwm_driver.o(i.TIM4_Cap_Init), (244 bytes).
    Removing pwm_driver.o(.bss), (10 bytes).
    Removing ultra_driver.o(.rev16_text), (4 bytes).
    Removing ultra_driver.o(.revsh_text), (4 bytes).
    Removing ultra_driver.o(.rrx_text), (6 bytes).
    Removing ultra_driver.o(i.ultra_Init), (68 bytes).
    Removing ultra_driver.o(i.ultra_check), (224 bytes).
    Removing ultra_driver.o(i.ultra_get_distance), (68 bytes).
    Removing ultra_driver.o(.data), (17 bytes).
    Removing i2c_driver.o(.rev16_text), (4 bytes).
    Removing i2c_driver.o(.revsh_text), (4 bytes).
    Removing i2c_driver.o(.rrx_text), (6 bytes).
    Removing i2c_driver.o(i.I2C1_ByteRead), (104 bytes).
    Removing i2c_driver.o(i.I2C1_ByteWrite), (100 bytes).
    Removing i2c_driver.o(i.I2C2_ByteRead), (104 bytes).
    Removing i2c_driver.o(i.I2C2_ByteRead_Reg), (204 bytes).
    Removing i2c_driver.o(i.I2C2_ByteWrite), (100 bytes).
    Removing i2c_driver.o(i.I2C2_ByteWrite_Reg), (128 bytes).
    Removing i2c_driver.o(i.I2C2_Init), (116 bytes).
    Removing mpu9250_driver.o(.rev16_text), (4 bytes).
    Removing mpu9250_driver.o(.revsh_text), (4 bytes).
    Removing mpu9250_driver.o(.rrx_text), (6 bytes).
    Removing mpu9250_driver.o(i.GetData_L), (40 bytes).
    Removing system_stm32f10x.o(.rev16_text), (4 bytes).
    Removing system_stm32f10x.o(.revsh_text), (4 bytes).
    Removing system_stm32f10x.o(.rrx_text), (6 bytes).
    Removing system_stm32f10x.o(i.SystemCoreClockUpdate), (164 bytes).

573 unused section(s) (total 20287 bytes) removed from the image.

==============================================================================

Image Symbol Table

    Local Symbols

    Symbol Name                              Value     Ov Type        Size  Object(Section)

    ../clib/angel/boardlib.s                 0x00000000   Number         0  boardinit3.o ABSOLUTE
    ../clib/angel/boardlib.s                 0x00000000   Number         0  boardinit2.o ABSOLUTE
    ../clib/angel/boardlib.s                 0x00000000   Number         0  boardinit1.o ABSOLUTE
    ../clib/angel/boardlib.s                 0x00000000   Number         0  boardshut.o ABSOLUTE
    ../clib/angel/handlers.s                 0x00000000   Number         0  __scatter_zi.o ABSOLUTE
    ../clib/angel/handlers.s                 0x00000000   Number         0  __scatter_copy.o ABSOLUTE
    ../clib/angel/kernel.s                   0x00000000   Number         0  __rtentry4.o ABSOLUTE
    ../clib/angel/kernel.s                   0x00000000   Number         0  __rtentry.o ABSOLUTE
    ../clib/angel/kernel.s                   0x00000000   Number         0  rtexit2.o ABSOLUTE
    ../clib/angel/kernel.s                   0x00000000   Number         0  __rtentry2.o ABSOLUTE
    ../clib/angel/kernel.s                   0x00000000   Number         0  rtexit.o ABSOLUTE
    ../clib/angel/rt.s                       0x00000000   Number         0  rt_raise.o ABSOLUTE
    ../clib/angel/scatter.s                  0x00000000   Number         0  __scatter.o ABSOLUTE
    ../clib/angel/startup.s                  0x00000000   Number         0  __main.o ABSOLUTE
    ../clib/angel/sys.s                      0x00000000   Number         0  libspace.o ABSOLUTE
    ../clib/angel/sys.s                      0x00000000   Number         0  sys_stackheap_outer.o ABSOLUTE
    ../clib/angel/sys.s                      0x00000000   Number         0  use_no_semi.o ABSOLUTE
    ../clib/angel/sys.s                      0x00000000   Number         0  indicate_semi.o ABSOLUTE
    ../clib/angel/sysapp.c                   0x00000000   Number         0  sys_exit.o ABSOLUTE
    ../clib/angel/sysapp.c                   0x00000000   Number         0  sys_wrch.o ABSOLUTE
    ../clib/angel/sysapp.c                   0x00000000   Number         0  sys_command.o ABSOLUTE
    ../clib/armsys.c                         0x00000000   Number         0  argv_veneer.o ABSOLUTE
    ../clib/armsys.c                         0x00000000   Number         0  argv_veneer.o ABSOLUTE
    ../clib/armsys.c                         0x00000000   Number         0  _get_argv_nomalloc.o ABSOLUTE
    ../clib/armsys.c                         0x00000000   Number         0  no_argv.o ABSOLUTE
    ../clib/heapalloc.c                      0x00000000   Number         0  hrguard.o ABSOLUTE
    ../clib/heapaux.c                        0x00000000   Number         0  heapauxi.o ABSOLUTE
    ../clib/libinit.s                        0x00000000   Number         0  libshutdown2.o ABSOLUTE
    ../clib/libinit.s                        0x00000000   Number         0  libinit2.o ABSOLUTE
    ../clib/libinit.s                        0x00000000   Number         0  libshutdown.o ABSOLUTE
    ../clib/libinit.s                        0x00000000   Number         0  libinit.o ABSOLUTE
    ../clib/signal.c                         0x00000000   Number         0  __raise.o ABSOLUTE
    ../clib/signal.c                         0x00000000   Number         0  defsig_rtmem_inner.o ABSOLUTE
    ../clib/signal.c                         0x00000000   Number         0  defsig_exit.o ABSOLUTE
    ../clib/signal.c                         0x00000000   Number         0  defsig_rtmem_outer.o ABSOLUTE
    ../clib/signal.c                         0x00000000   Number         0  defsig_rtmem_formal.o ABSOLUTE
    ../clib/signal.c                         0x00000000   Number         0  defsig_other.o ABSOLUTE
    ../clib/signal.c                         0x00000000   Number         0  defsig_segv_inner.o ABSOLUTE
    ../clib/signal.c                         0x00000000   Number         0  defsig_cppl_inner.o ABSOLUTE
    ../clib/signal.c                         0x00000000   Number         0  defsig_pvfn_inner.o ABSOLUTE
    ../clib/signal.c                         0x00000000   Number         0  defsig_stak_inner.o ABSOLUTE
    ../clib/signal.c                         0x00000000   Number         0  defsig_abrt_inner.o ABSOLUTE
    ../clib/signal.c                         0x00000000   Number         0  defsig_general.o ABSOLUTE
    ../clib/signal.c                         0x00000000   Number         0  defsig_rtred_inner.o ABSOLUTE
    ../clib/signal.c                         0x00000000   Number         0  defsig_fpe_inner.o ABSOLUTE
    ../clib/signal.s                         0x00000000   Number         0  defsig.o ABSOLUTE
    ../clib/stdlib.c                         0x00000000   Number         0  exit.o ABSOLUTE
    ../fplib/d2f.s                           0x00000000   Number         0  d2f.o ABSOLUTE
    ../fplib/daddsub.s                       0x00000000   Number         0  daddsub_clz.o ABSOLUTE
    ../fplib/ddiv.s                          0x00000000   Number         0  ddiv.o ABSOLUTE
    ../fplib/dfixu.s                         0x00000000   Number         0  dfixu.o ABSOLUTE
    ../fplib/dflt.s                          0x00000000   Number         0  dflt_clz.o ABSOLUTE
    ../fplib/dmul.s                          0x00000000   Number         0  dmul.o ABSOLUTE
    ../fplib/dnaninf.s                       0x00000000   Number         0  dnaninf.o ABSOLUTE
    ../fplib/dretinf.s                       0x00000000   Number         0  dretinf.o ABSOLUTE
    ../fplib/f2d.s                           0x00000000   Number         0  f2d.o ABSOLUTE
    ../fplib/fdiv.s                          0x00000000   Number         0  fdiv.o ABSOLUTE
    ../fplib/ffix.s                          0x00000000   Number         0  ffix.o ABSOLUTE
    ../fplib/fflt.s                          0x00000000   Number         0  fflt_clz.o ABSOLUTE
    ../fplib/fmul.s                          0x00000000   Number         0  fmul.o ABSOLUTE
    ../fplib/fnaninf.s                       0x00000000   Number         0  fnaninf.o ABSOLUTE
    ../fplib/fpinit.s                        0x00000000   Number         0  fpinit.o ABSOLUTE
    ../fplib/fretinf.s                       0x00000000   Number         0  fretinf.o ABSOLUTE
    ../fplib/usenofp.s                       0x00000000   Number         0  usenofp.o ABSOLUTE
    Drivers\\i2c_driver.c                    0x00000000   Number         0  i2c_driver.o ABSOLUTE
    Drivers\\led_driver.c                    0x00000000   Number         0  led_driver.o ABSOLUTE
    Drivers\\mpu9250_driver.c                0x00000000   Number         0  mpu9250_driver.o ABSOLUTE
    Drivers\\pwm_driver.c                    0x00000000   Number         0  pwm_driver.o ABSOLUTE
    Drivers\\sys_time_driver.c               0x00000000   Number         0  sys_time_driver.o ABSOLUTE
    Drivers\\to_pc.c                         0x00000000   Number         0  to_pc.o ABSOLUTE
    Drivers\\ultra_driver.c                  0x00000000   Number         0  ultra_driver.o ABSOLUTE
    Drivers\\usart_driver.c                  0x00000000   Number         0  usart_driver.o ABSOLUTE
    Drivers\i2c_driver.c                     0x00000000   Number         0  i2c_driver.o ABSOLUTE
    Drivers\led_driver.c                     0x00000000   Number         0  led_driver.o ABSOLUTE
    Drivers\mpu9250_driver.c                 0x00000000   Number         0  mpu9250_driver.o ABSOLUTE
    Drivers\pwm_driver.c                     0x00000000   Number         0  pwm_driver.o ABSOLUTE
    Drivers\sys_time_driver.c                0x00000000   Number         0  sys_time_driver.o ABSOLUTE
    Drivers\to_pc.c                          0x00000000   Number         0  to_pc.o ABSOLUTE
    Drivers\ultra_driver.c                   0x00000000   Number         0  ultra_driver.o ABSOLUTE
    Drivers\usart_driver.c                   0x00000000   Number         0  usart_driver.o ABSOLUTE
    Libs\\src\\misc.c                        0x00000000   Number         0  misc.o ABSOLUTE
    Libs\\src\\stm32f10x_adc.c               0x00000000   Number         0  stm32f10x_adc.o ABSOLUTE
    Libs\\src\\stm32f10x_bkp.c               0x00000000   Number         0  stm32f10x_bkp.o ABSOLUTE
    Libs\\src\\stm32f10x_can.c               0x00000000   Number         0  stm32f10x_can.o ABSOLUTE
    Libs\\src\\stm32f10x_cec.c               0x00000000   Number         0  stm32f10x_cec.o ABSOLUTE
    Libs\\src\\stm32f10x_crc.c               0x00000000   Number         0  stm32f10x_crc.o ABSOLUTE
    Libs\\src\\stm32f10x_dac.c               0x00000000   Number         0  stm32f10x_dac.o ABSOLUTE
    Libs\\src\\stm32f10x_dbgmcu.c            0x00000000   Number         0  stm32f10x_dbgmcu.o ABSOLUTE
    Libs\\src\\stm32f10x_dma.c               0x00000000   Number         0  stm32f10x_dma.o ABSOLUTE
    Libs\\src\\stm32f10x_exti.c              0x00000000   Number         0  stm32f10x_exti.o ABSOLUTE
    Libs\\src\\stm32f10x_flash.c             0x00000000   Number         0  stm32f10x_flash.o ABSOLUTE
    Libs\\src\\stm32f10x_fsmc.c              0x00000000   Number         0  stm32f10x_fsmc.o ABSOLUTE
    Libs\\src\\stm32f10x_gpio.c              0x00000000   Number         0  stm32f10x_gpio.o ABSOLUTE
    Libs\\src\\stm32f10x_i2c.c               0x00000000   Number         0  stm32f10x_i2c.o ABSOLUTE
    Libs\\src\\stm32f10x_it.c                0x00000000   Number         0  stm32f10x_it.o ABSOLUTE
    Libs\\src\\stm32f10x_iwdg.c              0x00000000   Number         0  stm32f10x_iwdg.o ABSOLUTE
    Libs\\src\\stm32f10x_pwr.c               0x00000000   Number         0  stm32f10x_pwr.o ABSOLUTE
    Libs\\src\\stm32f10x_rcc.c               0x00000000   Number         0  stm32f10x_rcc.o ABSOLUTE
    Libs\\src\\stm32f10x_rtc.c               0x00000000   Number         0  stm32f10x_rtc.o ABSOLUTE
    Libs\\src\\stm32f10x_sdio.c              0x00000000   Number         0  stm32f10x_sdio.o ABSOLUTE
    Libs\\src\\stm32f10x_spi.c               0x00000000   Number         0  stm32f10x_spi.o ABSOLUTE
    Libs\\src\\stm32f10x_tim.c               0x00000000   Number         0  stm32f10x_tim.o ABSOLUTE
    Libs\\src\\stm32f10x_usart.c             0x00000000   Number         0  stm32f10x_usart.o ABSOLUTE
    Libs\\src\\stm32f10x_wwdg.c              0x00000000   Number         0  stm32f10x_wwdg.o ABSOLUTE
    Libs\src\misc.c                          0x00000000   Number         0  misc.o ABSOLUTE
    Libs\src\stm32f10x_adc.c                 0x00000000   Number         0  stm32f10x_adc.o ABSOLUTE
    Libs\src\stm32f10x_bkp.c                 0x00000000   Number         0  stm32f10x_bkp.o ABSOLUTE
    Libs\src\stm32f10x_can.c                 0x00000000   Number         0  stm32f10x_can.o ABSOLUTE
    Libs\src\stm32f10x_cec.c                 0x00000000   Number         0  stm32f10x_cec.o ABSOLUTE
    Libs\src\stm32f10x_crc.c                 0x00000000   Number         0  stm32f10x_crc.o ABSOLUTE
    Libs\src\stm32f10x_dac.c                 0x00000000   Number         0  stm32f10x_dac.o ABSOLUTE
    Libs\src\stm32f10x_dbgmcu.c              0x00000000   Number         0  stm32f10x_dbgmcu.o ABSOLUTE
    Libs\src\stm32f10x_dma.c                 0x00000000   Number         0  stm32f10x_dma.o ABSOLUTE
    Libs\src\stm32f10x_exti.c                0x00000000   Number         0  stm32f10x_exti.o ABSOLUTE
    Libs\src\stm32f10x_flash.c               0x00000000   Number         0  stm32f10x_flash.o ABSOLUTE
    Libs\src\stm32f10x_fsmc.c                0x00000000   Number         0  stm32f10x_fsmc.o ABSOLUTE
    Libs\src\stm32f10x_gpio.c                0x00000000   Number         0  stm32f10x_gpio.o ABSOLUTE
    Libs\src\stm32f10x_i2c.c                 0x00000000   Number         0  stm32f10x_i2c.o ABSOLUTE
    Libs\src\stm32f10x_it.c                  0x00000000   Number         0  stm32f10x_it.o ABSOLUTE
    Libs\src\stm32f10x_iwdg.c                0x00000000   Number         0  stm32f10x_iwdg.o ABSOLUTE
    Libs\src\stm32f10x_pwr.c                 0x00000000   Number         0  stm32f10x_pwr.o ABSOLUTE
    Libs\src\stm32f10x_rcc.c                 0x00000000   Number         0  stm32f10x_rcc.o ABSOLUTE
    Libs\src\stm32f10x_rtc.c                 0x00000000   Number         0  stm32f10x_rtc.o ABSOLUTE
    Libs\src\stm32f10x_sdio.c                0x00000000   Number         0  stm32f10x_sdio.o ABSOLUTE
    Libs\src\stm32f10x_spi.c                 0x00000000   Number         0  stm32f10x_spi.o ABSOLUTE
    Libs\src\stm32f10x_tim.c                 0x00000000   Number         0  stm32f10x_tim.o ABSOLUTE
    Libs\src\stm32f10x_usart.c               0x00000000   Number         0  stm32f10x_usart.o ABSOLUTE
    Libs\src\stm32f10x_wwdg.c                0x00000000   Number         0  stm32f10x_wwdg.o ABSOLUTE
    RTE\Device\STM32F103C8\startup_stm32f10x_md.s 0x00000000   Number         0  startup_stm32f10x_md.o ABSOLUTE
    RTE\Device\STM32F103C8\system_stm32f10x.c 0x00000000   Number         0  system_stm32f10x.o ABSOLUTE
    RTE\\Device\\STM32F103C8\\system_stm32f10x.c 0x00000000   Number         0  system_stm32f10x.o ABSOLUTE
    dc.s                                     0x00000000   Number         0  dc.o ABSOLUTE
    duty.c                                   0x00000000   Number         0  duty.o ABSOLUTE
    duty.c                                   0x00000000   Number         0  duty.o ABSOLUTE
    init.c                                   0x00000000   Number         0  init.o ABSOLUTE
    init.c                                   0x00000000   Number         0  init.o ABSOLUTE
    main.c                                   0x00000000   Number         0  main.o ABSOLUTE
    main.c                                   0x00000000   Number         0  main.o ABSOLUTE
    RESET                                    0x08000000   Section      236  startup_stm32f10x_md.o(RESET)
    !!!main                                  0x080000ec   Section        8  __main.o(!!!main)
    !!!scatter                               0x080000f4   Section       52  __scatter.o(!!!scatter)
    !!handler_copy                           0x08000128   Section       26  __scatter_copy.o(!!handler_copy)
    !!handler_zi                             0x08000144   Section       28  __scatter_zi.o(!!handler_zi)
    .ARM.Collect$$libinit$$00000000          0x08000160   Section        2  libinit.o(.ARM.Collect$$libinit$$00000000)
    .ARM.Collect$$libinit$$00000002          0x08000162   Section        0  libinit2.o(.ARM.Collect$$libinit$$00000002)
    .ARM.Collect$$libinit$$00000004          0x08000162   Section        0  libinit2.o(.ARM.Collect$$libinit$$00000004)
    .ARM.Collect$$libinit$$0000000A          0x08000162   Section        0  libinit2.o(.ARM.Collect$$libinit$$0000000A)
    .ARM.Collect$$libinit$$0000000C          0x08000162   Section        0  libinit2.o(.ARM.Collect$$libinit$$0000000C)
    .ARM.Collect$$libinit$$0000000E          0x08000162   Section        0  libinit2.o(.ARM.Collect$$libinit$$0000000E)
    .ARM.Collect$$libinit$$00000011          0x08000162   Section        0  libinit2.o(.ARM.Collect$$libinit$$00000011)
    .ARM.Collect$$libinit$$00000013          0x08000162   Section        0  libinit2.o(.ARM.Collect$$libinit$$00000013)
    .ARM.Collect$$libinit$$00000015          0x08000162   Section        0  libinit2.o(.ARM.Collect$$libinit$$00000015)
    .ARM.Collect$$libinit$$00000017          0x08000162   Section        0  libinit2.o(.ARM.Collect$$libinit$$00000017)
    .ARM.Collect$$libinit$$00000019          0x08000162   Section        0  libinit2.o(.ARM.Collect$$libinit$$00000019)
    .ARM.Collect$$libinit$$0000001B          0x08000162   Section        0  libinit2.o(.ARM.Collect$$libinit$$0000001B)
    .ARM.Collect$$libinit$$0000001D          0x08000162   Section        0  libinit2.o(.ARM.Collect$$libinit$$0000001D)
    .ARM.Collect$$libinit$$0000001F          0x08000162   Section        0  libinit2.o(.ARM.Collect$$libinit$$0000001F)
    .ARM.Collect$$libinit$$00000021          0x08000162   Section        0  libinit2.o(.ARM.Collect$$libinit$$00000021)
    .ARM.Collect$$libinit$$00000023          0x08000162   Section        0  libinit2.o(.ARM.Collect$$libinit$$00000023)
    .ARM.Collect$$libinit$$00000025          0x08000162   Section        0  libinit2.o(.ARM.Collect$$libinit$$00000025)
    .ARM.Collect$$libinit$$0000002C          0x08000162   Section        0  libinit2.o(.ARM.Collect$$libinit$$0000002C)
    .ARM.Collect$$libinit$$0000002E          0x08000162   Section        0  libinit2.o(.ARM.Collect$$libinit$$0000002E)
    .ARM.Collect$$libinit$$00000030          0x08000162   Section        0  libinit2.o(.ARM.Collect$$libinit$$00000030)
    .ARM.Collect$$libinit$$00000032          0x08000162   Section        0  libinit2.o(.ARM.Collect$$libinit$$00000032)
    .ARM.Collect$$libinit$$00000033          0x08000162   Section        2  libinit2.o(.ARM.Collect$$libinit$$00000033)
    .ARM.Collect$$libshutdown$$00000000      0x08000164   Section        2  libshutdown.o(.ARM.Collect$$libshutdown$$00000000)
    .ARM.Collect$$libshutdown$$00000002      0x08000166   Section        0  libshutdown2.o(.ARM.Collect$$libshutdown$$00000002)
    .ARM.Collect$$libshutdown$$00000004      0x08000166   Section        0  libshutdown2.o(.ARM.Collect$$libshutdown$$00000004)
    .ARM.Collect$$libshutdown$$00000007      0x08000166   Section        0  libshutdown2.o(.ARM.Collect$$libshutdown$$00000007)
    .ARM.Collect$$libshutdown$$0000000A      0x08000166   Section        0  libshutdown2.o(.ARM.Collect$$libshutdown$$0000000A)
    .ARM.Collect$$libshutdown$$0000000C      0x08000166   Section        0  libshutdown2.o(.ARM.Collect$$libshutdown$$0000000C)
    .ARM.Collect$$libshutdown$$0000000F      0x08000166   Section        0  libshutdown2.o(.ARM.Collect$$libshutdown$$0000000F)
    .ARM.Collect$$libshutdown$$00000010      0x08000166   Section        2  libshutdown2.o(.ARM.Collect$$libshutdown$$00000010)
    .ARM.Collect$$rtentry$$00000000          0x08000168   Section        0  __rtentry.o(.ARM.Collect$$rtentry$$00000000)
    .ARM.Collect$$rtentry$$00000002          0x08000168   Section        0  __rtentry2.o(.ARM.Collect$$rtentry$$00000002)
    .ARM.Collect$$rtentry$$00000004          0x08000168   Section        6  __rtentry4.o(.ARM.Collect$$rtentry$$00000004)
    .ARM.Collect$$rtentry$$00000009          0x0800016e   Section        0  __rtentry2.o(.ARM.Collect$$rtentry$$00000009)
    .ARM.Collect$$rtentry$$0000000A          0x0800016e   Section        4  __rtentry2.o(.ARM.Collect$$rtentry$$0000000A)
    .ARM.Collect$$rtentry$$0000000C          0x08000172   Section        0  __rtentry2.o(.ARM.Collect$$rtentry$$0000000C)
    .ARM.Collect$$rtentry$$0000000D          0x08000172   Section        8  __rtentry2.o(.ARM.Collect$$rtentry$$0000000D)
    .ARM.Collect$$rtexit$$00000000           0x0800017a   Section        2  rtexit.o(.ARM.Collect$$rtexit$$00000000)
    .ARM.Collect$$rtexit$$00000002           0x0800017c   Section        0  rtexit2.o(.ARM.Collect$$rtexit$$00000002)
    .ARM.Collect$$rtexit$$00000003           0x0800017c   Section        4  rtexit2.o(.ARM.Collect$$rtexit$$00000003)
    .ARM.Collect$$rtexit$$00000004           0x08000180   Section        6  rtexit2.o(.ARM.Collect$$rtexit$$00000004)
    .text                                    0x08000188   Section       64  startup_stm32f10x_md.o(.text)
    .text                                    0x080001c8   Section        0  heapauxi.o(.text)
    .text                                    0x080001ce   Section       74  sys_stackheap_outer.o(.text)
    .text                                    0x08000218   Section        0  exit.o(.text)
    .text                                    0x0800022c   Section        8  libspace.o(.text)
    .text                                    0x08000234   Section        0  sys_exit.o(.text)
    .text                                    0x08000240   Section        2  use_no_semi.o(.text)
    .text                                    0x08000242   Section        0  indicate_semi.o(.text)
    i.BusFault_Handler                       0x08000242   Section        0  stm32f10x_it.o(i.BusFault_Handler)
    i.DebugMon_Handler                       0x08000246   Section        0  stm32f10x_it.o(i.DebugMon_Handler)
    i.GPIO_Init                              0x08000248   Section        0  stm32f10x_gpio.o(i.GPIO_Init)
    i.GPIO_ResetBits                         0x0800035e   Section        0  stm32f10x_gpio.o(i.GPIO_ResetBits)
    i.GPIO_SetBits                           0x08000362   Section        0  stm32f10x_gpio.o(i.GPIO_SetBits)
    i.GetData                                0x08000366   Section        0  mpu9250_driver.o(i.GetData)
    GetData                                  0x08000367   Thumb Code    40  mpu9250_driver.o(i.GetData)
    i.HardFault_Handler                      0x0800038e   Section        0  stm32f10x_it.o(i.HardFault_Handler)
    i.I2C1_ByteRead_Reg                      0x08000394   Section        0  i2c_driver.o(i.I2C1_ByteRead_Reg)
    i.I2C1_ByteWrite_Reg                     0x08000460   Section        0  i2c_driver.o(i.I2C1_ByteWrite_Reg)
    i.I2C1_Init                              0x080004e0   Section        0  i2c_driver.o(i.I2C1_Init)
    i.I2C_AcknowledgeConfig                  0x08000554   Section        0  stm32f10x_i2c.o(i.I2C_AcknowledgeConfig)
    i.I2C_CheckEvent                         0x0800056c   Section        0  stm32f10x_i2c.o(i.I2C_CheckEvent)
    i.I2C_Cmd                                0x08000596   Section        0  stm32f10x_i2c.o(i.I2C_Cmd)
    i.I2C_GenerateSTART                      0x080005ae   Section        0  stm32f10x_i2c.o(i.I2C_GenerateSTART)
    i.I2C_GenerateSTOP                       0x080005c6   Section        0  stm32f10x_i2c.o(i.I2C_GenerateSTOP)
    i.I2C_GetFlagStatus                      0x080005de   Section        0  stm32f10x_i2c.o(i.I2C_GetFlagStatus)
    i.I2C_Init                               0x08000618   Section        0  stm32f10x_i2c.o(i.I2C_Init)
    i.I2C_ReceiveData                        0x08000704   Section        0  stm32f10x_i2c.o(i.I2C_ReceiveData)
    i.I2C_Send7bitAddress                    0x0800070c   Section        0  stm32f10x_i2c.o(i.I2C_Send7bitAddress)
    i.I2C_SendData                           0x0800071e   Section        0  stm32f10x_i2c.o(i.I2C_SendData)
    i.MPU9250_get_data                       0x08000724   Section        0  mpu9250_driver.o(i.MPU9250_get_data)
    i.MPU9250_init                           0x080008b0   Section        0  mpu9250_driver.o(i.MPU9250_init)
    i.MemManage_Handler                      0x08000964   Section        0  stm32f10x_it.o(i.MemManage_Handler)
    i.NMI_Handler                            0x08000968   Section        0  stm32f10x_it.o(i.NMI_Handler)
    i.NVIC_Init                              0x0800096c   Section        0  misc.o(i.NVIC_Init)
    i.NVIC_PriorityGroupConfig               0x080009dc   Section        0  misc.o(i.NVIC_PriorityGroupConfig)
    i.NVIC_SetPriority                       0x080009f0   Section        0  sys_time_driver.o(i.NVIC_SetPriority)
    NVIC_SetPriority                         0x080009f1   Thumb Code    32  sys_time_driver.o(i.NVIC_SetPriority)
    i.PendSV_Handler                         0x08000a18   Section        0  stm32f10x_it.o(i.PendSV_Handler)
    i.RCC_APB1PeriphClockCmd                 0x08000a1c   Section        0  stm32f10x_rcc.o(i.RCC_APB1PeriphClockCmd)
    i.RCC_APB2PeriphClockCmd                 0x08000a3c   Section        0  stm32f10x_rcc.o(i.RCC_APB2PeriphClockCmd)
    i.RCC_GetClocksFreq                      0x08000a5c   Section        0  stm32f10x_rcc.o(i.RCC_GetClocksFreq)
    i.SVC_Handler                            0x08000b30   Section        0  stm32f10x_it.o(i.SVC_Handler)
    i.Send_Status                            0x08000b34   Section        0  to_pc.o(i.Send_Status)
    i.SetSysClock                            0x08000c74   Section        0  system_stm32f10x.o(i.SetSysClock)
    SetSysClock                              0x08000c75   Thumb Code     8  system_stm32f10x.o(i.SetSysClock)
    i.SetSysClockTo72                        0x08000c7c   Section        0  system_stm32f10x.o(i.SetSysClockTo72)
    SetSysClockTo72                          0x08000c7d   Thumb Code   214  system_stm32f10x.o(i.SetSysClockTo72)
    i.SysTick_Handler                        0x08000d5c   Section        0  stm32f10x_it.o(i.SysTick_Handler)
    i.SystemInit                             0x08000d74   Section        0  system_stm32f10x.o(i.SystemInit)
    i.TIM4_IRQHandler                        0x08000dd4   Section        0  pwm_driver.o(i.TIM4_IRQHandler)
    i.TIM_ClearITPendingBit                  0x080010a0   Section        0  stm32f10x_tim.o(i.TIM_ClearITPendingBit)
    i.TIM_GetCapture1                        0x080010a6   Section        0  stm32f10x_tim.o(i.TIM_GetCapture1)
    i.TIM_GetCapture2                        0x080010ac   Section        0  stm32f10x_tim.o(i.TIM_GetCapture2)
    i.TIM_GetCapture3                        0x080010b2   Section        0  stm32f10x_tim.o(i.TIM_GetCapture3)
    i.TIM_GetCapture4                        0x080010b8   Section        0  stm32f10x_tim.o(i.TIM_GetCapture4)
    i.TIM_GetITStatus                        0x080010c0   Section        0  stm32f10x_tim.o(i.TIM_GetITStatus)
    i.TIM_OC1PolarityConfig                  0x080010e2   Section        0  stm32f10x_tim.o(i.TIM_OC1PolarityConfig)
    i.TIM_OC2PolarityConfig                  0x080010f4   Section        0  stm32f10x_tim.o(i.TIM_OC2PolarityConfig)
    i.TIM_OC3PolarityConfig                  0x0800110e   Section        0  stm32f10x_tim.o(i.TIM_OC3PolarityConfig)
    i.TIM_OC4PolarityConfig                  0x08001128   Section        0  stm32f10x_tim.o(i.TIM_OC4PolarityConfig)
    i.USART1_IRQHandler                      0x08001144   Section        0  usart_driver.o(i.USART1_IRQHandler)
    i.USART1_Init                            0x080011a8   Section        0  usart_driver.o(i.USART1_Init)
    i.USART1_sendData                        0x08001258   Section        0  usart_driver.o(i.USART1_sendData)
    i.USART2_IRQHandler                      0x08001290   Section        0  usart_driver.o(i.USART2_IRQHandler)
    i.USART_Cmd                              0x080012f4   Section        0  stm32f10x_usart.o(i.USART_Cmd)
    i.USART_GetITStatus                      0x0800130c   Section        0  stm32f10x_usart.o(i.USART_GetITStatus)
    i.USART_ITConfig                         0x08001360   Section        0  stm32f10x_usart.o(i.USART_ITConfig)
    i.USART_Init                             0x080013ac   Section        0  stm32f10x_usart.o(i.USART_Init)
    i.USART_SendData                         0x08001484   Section        0  stm32f10x_usart.o(i.USART_SendData)
    i.UsageFault_Handler                     0x0800148c   Section        0  stm32f10x_it.o(i.UsageFault_Handler)
    i.delay_ms_soft                          0x08001490   Section        0  sys_time_driver.o(i.delay_ms_soft)
    i.duty10ms                               0x080014b0   Section        0  duty.o(i.duty10ms)
    i.duty1ms                                0x080014c4   Section        0  duty.o(i.duty1ms)
    i.duty2ms                                0x080014cc   Section        0  duty.o(i.duty2ms)
    i.duty5ms                                0x080014e0   Section        0  duty.o(i.duty5ms)
    i.heart_beat                             0x080014e4   Section        0  sys_time_driver.o(i.heart_beat)
    i.init_all                               0x0800156c   Section        0  init.o(i.init_all)
    i.led_init                               0x080015f4   Section        0  led_driver.o(i.led_init)
    i.main                                   0x0800164c   Section        0  main.o(i.main)
    i.sys_time_init                          0x08001654   Section        0  sys_time_driver.o(i.sys_time_init)
    x$fpl$d2f                                0x080016a4   Section       98  d2f.o(x$fpl$d2f)
    x$fpl$dadd                               0x08001708   Section      336  daddsub_clz.o(x$fpl$dadd)
    _dadd1                                   0x08001719   Thumb Code     0  daddsub_clz.o(x$fpl$dadd)
    x$fpl$ddiv                               0x08001858   Section      688  ddiv.o(x$fpl$ddiv)
    ddiv_entry                               0x0800185f   Thumb Code     0  ddiv.o(x$fpl$ddiv)
    x$fpl$dnaninf                            0x08001b08   Section      156  dnaninf.o(x$fpl$dnaninf)
    x$fpl$dretinf                            0x08001ba4   Section       12  dretinf.o(x$fpl$dretinf)
    x$fpl$dsub                               0x08001bb0   Section      468  daddsub_clz.o(x$fpl$dsub)
    _dsub1                                   0x08001bc1   Thumb Code     0  daddsub_clz.o(x$fpl$dsub)
    x$fpl$f2d                                0x08001d84   Section       86  f2d.o(x$fpl$f2d)
    x$fpl$fdiv                               0x08001ddc   Section      388  fdiv.o(x$fpl$fdiv)
    _fdiv1                                   0x08001ddd   Thumb Code     0  fdiv.o(x$fpl$fdiv)
    x$fpl$ffix                               0x08001f60   Section       54  ffix.o(x$fpl$ffix)
    x$fpl$fflt                               0x08001f98   Section       48  fflt_clz.o(x$fpl$fflt)
    x$fpl$fmul                               0x08001fc8   Section      258  fmul.o(x$fpl$fmul)
    x$fpl$fnaninf                            0x080020ca   Section      140  fnaninf.o(x$fpl$fnaninf)
    x$fpl$fretinf                            0x08002156   Section       10  fretinf.o(x$fpl$fretinf)
    x$fpl$usenofp                            0x08002160   Section        0  usenofp.o(x$fpl$usenofp)
    .data                                    0x20000000   Section       20  stm32f10x_rcc.o(.data)
    APBAHBPrescTable                         0x20000000   Data          16  stm32f10x_rcc.o(.data)
    ADCPrescTable                            0x20000010   Data           4  stm32f10x_rcc.o(.data)
    .data                                    0x20000014   Section       14  sys_time_driver.o(.data)
    timeCnt1ms                               0x20000018   Data           2  sys_time_driver.o(.data)
    timeCnt2ms                               0x2000001a   Data           2  sys_time_driver.o(.data)
    timeCnt5ms                               0x2000001c   Data           2  sys_time_driver.o(.data)
    timeCnt10ms                              0x2000001e   Data           2  sys_time_driver.o(.data)
    timeCnt20ms                              0x20000020   Data           2  sys_time_driver.o(.data)
    .data                                    0x20000022   Section        4  usart_driver.o(.data)
    usart1_rx_flag                           0x20000022   Data           1  usart_driver.o(.data)
    usart2_rx_flag                           0x20000023   Data           1  usart_driver.o(.data)
    usart1_com_data                          0x20000024   Data           1  usart_driver.o(.data)
    usart2_com_data                          0x20000025   Data           1  usart_driver.o(.data)
    .data                                    0x20000028   Section       72  pwm_driver.o(.data)
    .data                                    0x20000070   Section       20  system_stm32f10x.o(.data)
    .bss                                     0x20000084   Section       33  to_pc.o(.bss)
    .bss                                     0x200000a8   Section       44  mpu9250_driver.o(.bss)
    .bss                                     0x200000d4   Section       96  libspace.o(.bss)
    HEAP                                     0x20000138   Section      512  startup_stm32f10x_md.o(HEAP)
    Heap_Mem                                 0x20000138   Data         512  startup_stm32f10x_md.o(HEAP)
    STACK                                    0x20000338   Section     1024  startup_stm32f10x_md.o(STACK)
    Stack_Mem                                0x20000338   Data        1024  startup_stm32f10x_md.o(STACK)
    __initial_sp                             0x20000738   Data           0  startup_stm32f10x_md.o(STACK)

    Global Symbols

    Symbol Name                              Value     Ov Type        Size  Object(Section)

    BuildAttributes$$THM_ISAv4$P$D$K$B$S$PE$A:L22UL41UL21$X:L11$S22US41US21$IEEE1$IW$USESV6$~STKCKD$USESV7$~SHL$OSPACE$ROPI$EBA8$UX$STANDARDLIB$REQ8$PRES8$EABIv2 0x00000000   Number         0  anon$$obj.o ABSOLUTE
    __ARM_use_no_argv                        0x00000000   Number         0  main.o ABSOLUTE
    __ARM_exceptions_init                     - Undefined Weak Reference
    __alloca_initialize                       - Undefined Weak Reference
    __arm_preinit_                            - Undefined Weak Reference
    __cpp_initialize__aeabi_                  - Undefined Weak Reference
    __cxa_finalize                            - Undefined Weak Reference
    __rt_locale                               - Undefined Weak Reference
    __sigvec_lookup                           - Undefined Weak Reference
    _atexit_init                              - Undefined Weak Reference
    _call_atexit_fns                          - Undefined Weak Reference
    _clock_init                               - Undefined Weak Reference
    _fp_trap_init                             - Undefined Weak Reference
    _fp_trap_shutdown                         - Undefined Weak Reference
    _get_lc_collate                           - Undefined Weak Reference
    _get_lc_ctype                             - Undefined Weak Reference
    _get_lc_monetary                          - Undefined Weak Reference
    _get_lc_numeric                           - Undefined Weak Reference
    _get_lc_time                              - Undefined Weak Reference
    _getenv_init                              - Undefined Weak Reference
    _handle_redirection                       - Undefined Weak Reference
    _init_alloc                               - Undefined Weak Reference
    _init_user_alloc                          - Undefined Weak Reference
    _initio                                   - Undefined Weak Reference
    _rand_init                                - Undefined Weak Reference
    _signal_finish                            - Undefined Weak Reference
    _signal_init                              - Undefined Weak Reference
    _terminate_alloc                          - Undefined Weak Reference
    _terminate_user_alloc                     - Undefined Weak Reference
    _terminateio                              - Undefined Weak Reference
    __Vectors_Size                           0x000000ec   Number         0  startup_stm32f10x_md.o ABSOLUTE
    __Vectors                                0x08000000   Data           4  startup_stm32f10x_md.o(RESET)
    __Vectors_End                            0x080000ec   Data           0  startup_stm32f10x_md.o(RESET)
    __main                                   0x080000ed   Thumb Code     8  __main.o(!!!main)
    __scatterload                            0x080000f5   Thumb Code     0  __scatter.o(!!!scatter)
    __scatterload_rt2                        0x080000f5   Thumb Code    44  __scatter.o(!!!scatter)
    __scatterload_rt2_thumb_only             0x080000f5   Thumb Code     0  __scatter.o(!!!scatter)
    __scatterload_null                       0x08000103   Thumb Code     0  __scatter.o(!!!scatter)
    __scatterload_copy                       0x08000129   Thumb Code    26  __scatter_copy.o(!!handler_copy)
    __scatterload_zeroinit                   0x08000145   Thumb Code    28  __scatter_zi.o(!!handler_zi)
    __rt_lib_init                            0x08000161   Thumb Code     0  libinit.o(.ARM.Collect$$libinit$$00000000)
    __rt_lib_init_alloca_1                   0x08000163   Thumb Code     0  libinit2.o(.ARM.Collect$$libinit$$0000002E)
    __rt_lib_init_argv_1                     0x08000163   Thumb Code     0  libinit2.o(.ARM.Collect$$libinit$$0000002C)
    __rt_lib_init_atexit_1                   0x08000163   Thumb Code     0  libinit2.o(.ARM.Collect$$libinit$$0000001B)
    __rt_lib_init_clock_1                    0x08000163   Thumb Code     0  libinit2.o(.ARM.Collect$$libinit$$00000021)
    __rt_lib_init_cpp_1                      0x08000163   Thumb Code     0  libinit2.o(.ARM.Collect$$libinit$$00000032)
    __rt_lib_init_exceptions_1               0x08000163   Thumb Code     0  libinit2.o(.ARM.Collect$$libinit$$00000030)
    __rt_lib_init_fp_1                       0x08000163   Thumb Code     0  libinit2.o(.ARM.Collect$$libinit$$00000002)
    __rt_lib_init_fp_trap_1                  0x08000163   Thumb Code     0  libinit2.o(.ARM.Collect$$libinit$$0000001F)
    __rt_lib_init_getenv_1                   0x08000163   Thumb Code     0  libinit2.o(.ARM.Collect$$libinit$$00000023)
    __rt_lib_init_heap_1                     0x08000163   Thumb Code     0  libinit2.o(.ARM.Collect$$libinit$$0000000A)
    __rt_lib_init_lc_collate_1               0x08000163   Thumb Code     0  libinit2.o(.ARM.Collect$$libinit$$00000011)
    __rt_lib_init_lc_ctype_1                 0x08000163   Thumb Code     0  libinit2.o(.ARM.Collect$$libinit$$00000013)
    __rt_lib_init_lc_monetary_1              0x08000163   Thumb Code     0  libinit2.o(.ARM.Collect$$libinit$$00000015)
    __rt_lib_init_lc_numeric_1               0x08000163   Thumb Code     0  libinit2.o(.ARM.Collect$$libinit$$00000017)
    __rt_lib_init_lc_time_1                  0x08000163   Thumb Code     0  libinit2.o(.ARM.Collect$$libinit$$00000019)
    __rt_lib_init_preinit_1                  0x08000163   Thumb Code     0  libinit2.o(.ARM.Collect$$libinit$$00000004)
    __rt_lib_init_rand_1                     0x08000163   Thumb Code     0  libinit2.o(.ARM.Collect$$libinit$$0000000E)
    __rt_lib_init_return                     0x08000163   Thumb Code     0  libinit2.o(.ARM.Collect$$libinit$$00000033)
    __rt_lib_init_signal_1                   0x08000163   Thumb Code     0  libinit2.o(.ARM.Collect$$libinit$$0000001D)
    __rt_lib_init_stdio_1                    0x08000163   Thumb Code     0  libinit2.o(.ARM.Collect$$libinit$$00000025)
    __rt_lib_init_user_alloc_1               0x08000163   Thumb Code     0  libinit2.o(.ARM.Collect$$libinit$$0000000C)
    __rt_lib_shutdown                        0x08000165   Thumb Code     0  libshutdown.o(.ARM.Collect$$libshutdown$$00000000)
    __rt_lib_shutdown_cpp_1                  0x08000167   Thumb Code     0  libshutdown2.o(.ARM.Collect$$libshutdown$$00000002)
    __rt_lib_shutdown_fp_trap_1              0x08000167   Thumb Code     0  libshutdown2.o(.ARM.Collect$$libshutdown$$00000007)
    __rt_lib_shutdown_heap_1                 0x08000167   Thumb Code     0  libshutdown2.o(.ARM.Collect$$libshutdown$$0000000F)
    __rt_lib_shutdown_return                 0x08000167   Thumb Code     0  libshutdown2.o(.ARM.Collect$$libshutdown$$00000010)
    __rt_lib_shutdown_signal_1               0x08000167   Thumb Code     0  libshutdown2.o(.ARM.Collect$$libshutdown$$0000000A)
    __rt_lib_shutdown_stdio_1                0x08000167   Thumb Code     0  libshutdown2.o(.ARM.Collect$$libshutdown$$00000004)
    __rt_lib_shutdown_user_alloc_1           0x08000167   Thumb Code     0  libshutdown2.o(.ARM.Collect$$libshutdown$$0000000C)
    __rt_entry                               0x08000169   Thumb Code     0  __rtentry.o(.ARM.Collect$$rtentry$$00000000)
    __rt_entry_presh_1                       0x08000169   Thumb Code     0  __rtentry2.o(.ARM.Collect$$rtentry$$00000002)
    __rt_entry_sh                            0x08000169   Thumb Code     0  __rtentry4.o(.ARM.Collect$$rtentry$$00000004)
    __rt_entry_li                            0x0800016f   Thumb Code     0  __rtentry2.o(.ARM.Collect$$rtentry$$0000000A)
    __rt_entry_postsh_1                      0x0800016f   Thumb Code     0  __rtentry2.o(.ARM.Collect$$rtentry$$00000009)
    __rt_entry_main                          0x08000173   Thumb Code     0  __rtentry2.o(.ARM.Collect$$rtentry$$0000000D)
    __rt_entry_postli_1                      0x08000173   Thumb Code     0  __rtentry2.o(.ARM.Collect$$rtentry$$0000000C)
    __rt_exit                                0x0800017b   Thumb Code     0  rtexit.o(.ARM.Collect$$rtexit$$00000000)
    __rt_exit_ls                             0x0800017d   Thumb Code     0  rtexit2.o(.ARM.Collect$$rtexit$$00000003)
    __rt_exit_prels_1                        0x0800017d   Thumb Code     0  rtexit2.o(.ARM.Collect$$rtexit$$00000002)
    __rt_exit_exit                           0x08000181   Thumb Code     0  rtexit2.o(.ARM.Collect$$rtexit$$00000004)
    Reset_Handler                            0x08000189   Thumb Code     8  startup_stm32f10x_md.o(.text)
    ADC1_2_IRQHandler                        0x080001a3   Thumb Code     0  startup_stm32f10x_md.o(.text)
    CAN1_RX1_IRQHandler                      0x080001a3   Thumb Code     0  startup_stm32f10x_md.o(.text)
    CAN1_SCE_IRQHandler                      0x080001a3   Thumb Code     0  startup_stm32f10x_md.o(.text)
    DMA1_Channel1_IRQHandler                 0x080001a3   Thumb Code     0  startup_stm32f10x_md.o(.text)
    DMA1_Channel2_IRQHandler                 0x080001a3   Thumb Code     0  startup_stm32f10x_md.o(.text)
    DMA1_Channel3_IRQHandler                 0x080001a3   Thumb Code     0  startup_stm32f10x_md.o(.text)
    DMA1_Channel4_IRQHandler                 0x080001a3   Thumb Code     0  startup_stm32f10x_md.o(.text)
    DMA1_Channel5_IRQHandler                 0x080001a3   Thumb Code     0  startup_stm32f10x_md.o(.text)
    DMA1_Channel6_IRQHandler                 0x080001a3   Thumb Code     0  startup_stm32f10x_md.o(.text)
    DMA1_Channel7_IRQHandler                 0x080001a3   Thumb Code     0  startup_stm32f10x_md.o(.text)
    EXTI0_IRQHandler                         0x080001a3   Thumb Code     0  startup_stm32f10x_md.o(.text)
    EXTI15_10_IRQHandler                     0x080001a3   Thumb Code     0  startup_stm32f10x_md.o(.text)
    EXTI1_IRQHandler                         0x080001a3   Thumb Code     0  startup_stm32f10x_md.o(.text)
    EXTI2_IRQHandler                         0x080001a3   Thumb Code     0  startup_stm32f10x_md.o(.text)
    EXTI3_IRQHandler                         0x080001a3   Thumb Code     0  startup_stm32f10x_md.o(.text)
    EXTI4_IRQHandler                         0x080001a3   Thumb Code     0  startup_stm32f10x_md.o(.text)
    EXTI9_5_IRQHandler                       0x080001a3   Thumb Code     0  startup_stm32f10x_md.o(.text)
    FLASH_IRQHandler                         0x080001a3   Thumb Code     0  startup_stm32f10x_md.o(.text)
    I2C1_ER_IRQHandler                       0x080001a3   Thumb Code     0  startup_stm32f10x_md.o(.text)
    I2C1_EV_IRQHandler                       0x080001a3   Thumb Code     0  startup_stm32f10x_md.o(.text)
    I2C2_ER_IRQHandler                       0x080001a3   Thumb Code     0  startup_stm32f10x_md.o(.text)
    I2C2_EV_IRQHandler                       0x080001a3   Thumb Code     0  startup_stm32f10x_md.o(.text)
    PVD_IRQHandler                           0x080001a3   Thumb Code     0  startup_stm32f10x_md.o(.text)
    RCC_IRQHandler                           0x080001a3   Thumb Code     0  startup_stm32f10x_md.o(.text)
    RTCAlarm_IRQHandler                      0x080001a3   Thumb Code     0  startup_stm32f10x_md.o(.text)
    RTC_IRQHandler                           0x080001a3   Thumb Code     0  startup_stm32f10x_md.o(.text)
    SPI1_IRQHandler                          0x080001a3   Thumb Code     0  startup_stm32f10x_md.o(.text)
    SPI2_IRQHandler                          0x080001a3   Thumb Code     0  startup_stm32f10x_md.o(.text)
    TAMPER_IRQHandler                        0x080001a3   Thumb Code     0  startup_stm32f10x_md.o(.text)
    TIM1_BRK_IRQHandler                      0x080001a3   Thumb Code     0  startup_stm32f10x_md.o(.text)
    TIM1_CC_IRQHandler                       0x080001a3   Thumb Code     0  startup_stm32f10x_md.o(.text)
    TIM1_TRG_COM_IRQHandler                  0x080001a3   Thumb Code     0  startup_stm32f10x_md.o(.text)
    TIM1_UP_IRQHandler                       0x080001a3   Thumb Code     0  startup_stm32f10x_md.o(.text)
    TIM2_IRQHandler                          0x080001a3   Thumb Code     0  startup_stm32f10x_md.o(.text)
    TIM3_IRQHandler                          0x080001a3   Thumb Code     0  startup_stm32f10x_md.o(.text)
    USART3_IRQHandler                        0x080001a3   Thumb Code     0  startup_stm32f10x_md.o(.text)
    USBWakeUp_IRQHandler                     0x080001a3   Thumb Code     0  startup_stm32f10x_md.o(.text)
    USB_HP_CAN1_TX_IRQHandler                0x080001a3   Thumb Code     0  startup_stm32f10x_md.o(.text)
    USB_LP_CAN1_RX0_IRQHandler               0x080001a3   Thumb Code     0  startup_stm32f10x_md.o(.text)
    WWDG_IRQHandler                          0x080001a3   Thumb Code     0  startup_stm32f10x_md.o(.text)
    __user_initial_stackheap                 0x080001a5   Thumb Code     0  startup_stm32f10x_md.o(.text)
    __use_two_region_memory                  0x080001c9   Thumb Code     2  heapauxi.o(.text)
    __rt_heap_escrow$2region                 0x080001cb   Thumb Code     2  heapauxi.o(.text)
    __rt_heap_expand$2region                 0x080001cd   Thumb Code     2  heapauxi.o(.text)
    __user_setup_stackheap                   0x080001cf   Thumb Code    74  sys_stackheap_outer.o(.text)
    exit                                     0x08000219   Thumb Code    18  exit.o(.text)
    __user_libspace                          0x0800022d   Thumb Code     8  libspace.o(.text)
    __user_perproc_libspace                  0x0800022d   Thumb Code     0  libspace.o(.text)
    __user_perthread_libspace                0x0800022d   Thumb Code     0  libspace.o(.text)
    _sys_exit                                0x08000235   Thumb Code     8  sys_exit.o(.text)
    __I$use$semihosting                      0x08000241   Thumb Code     0  use_no_semi.o(.text)
    __use_no_semihosting_swi                 0x08000241   Thumb Code     2  use_no_semi.o(.text)
    BusFault_Handler                         0x08000243   Thumb Code     4  stm32f10x_it.o(i.BusFault_Handler)
    __semihosting_library_function           0x08000243   Thumb Code     0  indicate_semi.o(.text)
    DebugMon_Handler                         0x08000247   Thumb Code     2  stm32f10x_it.o(i.DebugMon_Handler)
    GPIO_Init                                0x08000249   Thumb Code   278  stm32f10x_gpio.o(i.GPIO_Init)
    GPIO_ResetBits                           0x0800035f   Thumb Code     4  stm32f10x_gpio.o(i.GPIO_ResetBits)
    GPIO_SetBits                             0x08000363   Thumb Code     4  stm32f10x_gpio.o(i.GPIO_SetBits)
    HardFault_Handler                        0x0800038f   Thumb Code     4  stm32f10x_it.o(i.HardFault_Handler)
    I2C1_ByteRead_Reg                        0x08000395   Thumb Code   192  i2c_driver.o(i.I2C1_ByteRead_Reg)
    I2C1_ByteWrite_Reg                       0x08000461   Thumb Code   114  i2c_driver.o(i.I2C1_ByteWrite_Reg)
    I2C1_Init                                0x080004e1   Thumb Code   108  i2c_driver.o(i.I2C1_Init)
    I2C_AcknowledgeConfig                    0x08000555   Thumb Code    24  stm32f10x_i2c.o(i.I2C_AcknowledgeConfig)
    I2C_CheckEvent                           0x0800056d   Thumb Code    42  stm32f10x_i2c.o(i.I2C_CheckEvent)
    I2C_Cmd                                  0x08000597   Thumb Code    24  stm32f10x_i2c.o(i.I2C_Cmd)
    I2C_GenerateSTART                        0x080005af   Thumb Code    24  stm32f10x_i2c.o(i.I2C_GenerateSTART)
    I2C_GenerateSTOP                         0x080005c7   Thumb Code    24  stm32f10x_i2c.o(i.I2C_GenerateSTOP)
    I2C_GetFlagStatus                        0x080005df   Thumb Code    58  stm32f10x_i2c.o(i.I2C_GetFlagStatus)
    I2C_Init                                 0x08000619   Thumb Code   222  stm32f10x_i2c.o(i.I2C_Init)
    I2C_ReceiveData                          0x08000705   Thumb Code     8  stm32f10x_i2c.o(i.I2C_ReceiveData)
    I2C_Send7bitAddress                      0x0800070d   Thumb Code    18  stm32f10x_i2c.o(i.I2C_Send7bitAddress)
    I2C_SendData                             0x0800071f   Thumb Code     4  stm32f10x_i2c.o(i.I2C_SendData)
    MPU9250_get_data                         0x08000725   Thumb Code   360  mpu9250_driver.o(i.MPU9250_get_data)
    MPU9250_init                             0x080008b1   Thumb Code   180  mpu9250_driver.o(i.MPU9250_init)
    MemManage_Handler                        0x08000965   Thumb Code     4  stm32f10x_it.o(i.MemManage_Handler)
    NMI_Handler                              0x08000969   Thumb Code     2  stm32f10x_it.o(i.NMI_Handler)
    NVIC_Init                                0x0800096d   Thumb Code   100  misc.o(i.NVIC_Init)
    NVIC_PriorityGroupConfig                 0x080009dd   Thumb Code    10  misc.o(i.NVIC_PriorityGroupConfig)
    PendSV_Handler                           0x08000a19   Thumb Code     2  stm32f10x_it.o(i.PendSV_Handler)
    RCC_APB1PeriphClockCmd                   0x08000a1d   Thumb Code    26  stm32f10x_rcc.o(i.RCC_APB1PeriphClockCmd)
    RCC_APB2PeriphClockCmd                   0x08000a3d   Thumb Code    26  stm32f10x_rcc.o(i.RCC_APB2PeriphClockCmd)
    RCC_GetClocksFreq                        0x08000a5d   Thumb Code   192  stm32f10x_rcc.o(i.RCC_GetClocksFreq)
    SVC_Handler                              0x08000b31   Thumb Code     2  stm32f10x_it.o(i.SVC_Handler)
    Send_Status                              0x08000b35   Thumb Code   310  to_pc.o(i.Send_Status)
    SysTick_Handler                          0x08000d5d   Thumb Code    18  stm32f10x_it.o(i.SysTick_Handler)
    SystemInit                               0x08000d75   Thumb Code    78  system_stm32f10x.o(i.SystemInit)
    TIM4_IRQHandler                          0x08000dd5   Thumb Code   614  pwm_driver.o(i.TIM4_IRQHandler)
    TIM_ClearITPendingBit                    0x080010a1   Thumb Code     6  stm32f10x_tim.o(i.TIM_ClearITPendingBit)
    TIM_GetCapture1                          0x080010a7   Thumb Code     6  stm32f10x_tim.o(i.TIM_GetCapture1)
    TIM_GetCapture2                          0x080010ad   Thumb Code     6  stm32f10x_tim.o(i.TIM_GetCapture2)
    TIM_GetCapture3                          0x080010b3   Thumb Code     6  stm32f10x_tim.o(i.TIM_GetCapture3)
    TIM_GetCapture4                          0x080010b9   Thumb Code     8  stm32f10x_tim.o(i.TIM_GetCapture4)
    TIM_GetITStatus                          0x080010c1   Thumb Code    34  stm32f10x_tim.o(i.TIM_GetITStatus)
    TIM_OC1PolarityConfig                    0x080010e3   Thumb Code    18  stm32f10x_tim.o(i.TIM_OC1PolarityConfig)
    TIM_OC2PolarityConfig                    0x080010f5   Thumb Code    26  stm32f10x_tim.o(i.TIM_OC2PolarityConfig)
    TIM_OC3PolarityConfig                    0x0800110f   Thumb Code    26  stm32f10x_tim.o(i.TIM_OC3PolarityConfig)
    TIM_OC4PolarityConfig                    0x08001129   Thumb Code    26  stm32f10x_tim.o(i.TIM_OC4PolarityConfig)
    USART1_IRQHandler                        0x08001145   Thumb Code    86  usart_driver.o(i.USART1_IRQHandler)
    USART1_Init                              0x080011a9   Thumb Code   168  usart_driver.o(i.USART1_Init)
    USART1_sendData                          0x08001259   Thumb Code    52  usart_driver.o(i.USART1_sendData)
    USART2_IRQHandler                        0x08001291   Thumb Code    86  usart_driver.o(i.USART2_IRQHandler)
    USART_Cmd                                0x080012f5   Thumb Code    24  stm32f10x_usart.o(i.USART_Cmd)
    USART_GetITStatus                        0x0800130d   Thumb Code    84  stm32f10x_usart.o(i.USART_GetITStatus)
    USART_ITConfig                           0x08001361   Thumb Code    74  stm32f10x_usart.o(i.USART_ITConfig)
    USART_Init                               0x080013ad   Thumb Code   210  stm32f10x_usart.o(i.USART_Init)
    USART_SendData                           0x08001485   Thumb Code     8  stm32f10x_usart.o(i.USART_SendData)
    UsageFault_Handler                       0x0800148d   Thumb Code     4  stm32f10x_it.o(i.UsageFault_Handler)
    delay_ms_soft                            0x08001491   Thumb Code    30  sys_time_driver.o(i.delay_ms_soft)
    duty10ms                                 0x080014b1   Thumb Code    16  duty.o(i.duty10ms)
    duty1ms                                  0x080014c5   Thumb Code     8  duty.o(i.duty1ms)
    duty2ms                                  0x080014cd   Thumb Code    14  duty.o(i.duty2ms)
    duty5ms                                  0x080014e1   Thumb Code     2  duty.o(i.duty5ms)
    heart_beat                               0x080014e5   Thumb Code   120  sys_time_driver.o(i.heart_beat)
    init_all                                 0x0800156d   Thumb Code   128  init.o(i.init_all)
    led_init                                 0x080015f5   Thumb Code    78  led_driver.o(i.led_init)
    main                                     0x0800164d   Thumb Code     8  main.o(i.main)
    sys_time_init                            0x08001655   Thumb Code    72  sys_time_driver.o(i.sys_time_init)
    __aeabi_d2f                              0x080016a5   Thumb Code     0  d2f.o(x$fpl$d2f)
    _d2f                                     0x080016a5   Thumb Code    98  d2f.o(x$fpl$d2f)
    __aeabi_dadd                             0x08001709   Thumb Code     0  daddsub_clz.o(x$fpl$dadd)
    _dadd                                    0x08001709   Thumb Code   332  daddsub_clz.o(x$fpl$dadd)
    __aeabi_ddiv                             0x08001859   Thumb Code     0  ddiv.o(x$fpl$ddiv)
    _ddiv                                    0x08001859   Thumb Code   552  ddiv.o(x$fpl$ddiv)
    __fpl_dnaninf                            0x08001b09   Thumb Code   156  dnaninf.o(x$fpl$dnaninf)
    __fpl_dretinf                            0x08001ba5   Thumb Code    12  dretinf.o(x$fpl$dretinf)
    __aeabi_dsub                             0x08001bb1   Thumb Code     0  daddsub_clz.o(x$fpl$dsub)
    _dsub                                    0x08001bb1   Thumb Code   464  daddsub_clz.o(x$fpl$dsub)
    __aeabi_f2d                              0x08001d85   Thumb Code     0  f2d.o(x$fpl$f2d)
    _f2d                                     0x08001d85   Thumb Code    86  f2d.o(x$fpl$f2d)
    __aeabi_fdiv                             0x08001ddd   Thumb Code     0  fdiv.o(x$fpl$fdiv)
    _fdiv                                    0x08001ddd   Thumb Code   384  fdiv.o(x$fpl$fdiv)
    __aeabi_f2iz                             0x08001f61   Thumb Code     0  ffix.o(x$fpl$ffix)
    _ffix                                    0x08001f61   Thumb Code    54  ffix.o(x$fpl$ffix)
    __aeabi_i2f                              0x08001f99   Thumb Code     0  fflt_clz.o(x$fpl$fflt)
    _fflt                                    0x08001f99   Thumb Code    48  fflt_clz.o(x$fpl$fflt)
    __aeabi_fmul                             0x08001fc9   Thumb Code     0  fmul.o(x$fpl$fmul)
    _fmul                                    0x08001fc9   Thumb Code   258  fmul.o(x$fpl$fmul)
    __fpl_fnaninf                            0x080020cb   Thumb Code   140  fnaninf.o(x$fpl$fnaninf)
    __fpl_fretinf                            0x08002157   Thumb Code    10  fretinf.o(x$fpl$fretinf)
    Region$$Table$$Base                      0x08002160   Number         0  anon$$obj.o(Region$$Table)
    __I$use$fp                               0x08002160   Number         0  usenofp.o(x$fpl$usenofp)
    Region$$Table$$Limit                     0x08002180   Number         0  anon$$obj.o(Region$$Table)
    sysTickCnt                               0x20000014   Data           4  sys_time_driver.o(.data)
    TIM4CH1_CAPTURE_STA                      0x20000028   Data           1  pwm_driver.o(.data)
    TIM4CH1_CAPTURE_UPVAL                    0x2000002a   Data           2  pwm_driver.o(.data)
    TIM4CH1_CAPTURE_DOWNVAL                  0x2000002c   Data           2  pwm_driver.o(.data)
    TIM4CH2_CAPTURE_STA                      0x2000002e   Data           1  pwm_driver.o(.data)
    TIM4CH2_CAPTURE_UPVAL                    0x20000030   Data           2  pwm_driver.o(.data)
    TIM4CH2_CAPTURE_DOWNVAL                  0x20000032   Data           2  pwm_driver.o(.data)
    TIM4CH3_CAPTURE_STA                      0x20000034   Data           1  pwm_driver.o(.data)
    TIM4CH3_CAPTURE_UPVAL                    0x20000036   Data           2  pwm_driver.o(.data)
    TIM4CH3_CAPTURE_DOWNVAL                  0x20000038   Data           2  pwm_driver.o(.data)
    TIM4CH4_CAPTURE_STA                      0x2000003a   Data           1  pwm_driver.o(.data)
    TIM4CH4_CAPTURE_UPVAL                    0x2000003c   Data           2  pwm_driver.o(.data)
    TIM4CH4_CAPTURE_DOWNVAL                  0x2000003e   Data           2  pwm_driver.o(.data)
    tempup1                                  0x20000040   Data           4  pwm_driver.o(.data)
    tempup2                                  0x20000044   Data           4  pwm_driver.o(.data)
    tempup3                                  0x20000048   Data           4  pwm_driver.o(.data)
    tempup4                                  0x2000004c   Data           4  pwm_driver.o(.data)
    tim4_T1                                  0x20000050   Data           4  pwm_driver.o(.data)
    tim4_T2                                  0x20000054   Data           4  pwm_driver.o(.data)
    tim4_T3                                  0x20000058   Data           4  pwm_driver.o(.data)
    tim4_T4                                  0x2000005c   Data           4  pwm_driver.o(.data)
    pwmout1                                  0x20000060   Data           4  pwm_driver.o(.data)
    pwmout2                                  0x20000064   Data           4  pwm_driver.o(.data)
    pwmout3                                  0x20000068   Data           4  pwm_driver.o(.data)
    pwmout4                                  0x2000006c   Data           4  pwm_driver.o(.data)
    SystemCoreClock                          0x20000070   Data           4  system_stm32f10x.o(.data)
    AHBPrescTable                            0x20000074   Data          16  system_stm32f10x.o(.data)
    data_to_send                             0x20000084   Data          33  to_pc.o(.bss)
    mpu_data                                 0x200000a8   Data          44  mpu9250_driver.o(.bss)
    __libspace_start                         0x200000d4   Data          96  libspace.o(.bss)
    __temporary_stack_top$libspace           0x20000134   Data           0  libspace.o(.bss)



==============================================================================

Memory Map of the image

  Image Entry point : 0x080000ed

  Load Region LR_IROM1 (Base: 0x08000000, Size: 0x00002204, Max: 0x00010000, ABSOLUTE)

    Execution Region ER_IROM1 (Base: 0x08000000, Size: 0x00002180, Max: 0x00010000, ABSOLUTE)

    Base Addr    Size         Type   Attr      Idx    E Section Name        Object

    0x08000000   0x000000ec   Data   RO         3979    RESET               startup_stm32f10x_md.o
    0x080000ec   0x00000008   Code   RO         4034  * !!!main             c_w.l(__main.o)
    0x080000f4   0x00000034   Code   RO         4242    !!!scatter          c_w.l(__scatter.o)
    0x08000128   0x0000001a   Code   RO         4244    !!handler_copy      c_w.l(__scatter_copy.o)
    0x08000142   0x00000002   PAD
    0x08000144   0x0000001c   Code   RO         4246    !!handler_zi        c_w.l(__scatter_zi.o)
    0x08000160   0x00000002   Code   RO         4112    .ARM.Collect$$libinit$$00000000  c_w.l(libinit.o)
    0x08000162   0x00000000   Code   RO         4119    .ARM.Collect$$libinit$$00000002  c_w.l(libinit2.o)
    0x08000162   0x00000000   Code   RO         4121    .ARM.Collect$$libinit$$00000004  c_w.l(libinit2.o)
    0x08000162   0x00000000   Code   RO         4124    .ARM.Collect$$libinit$$0000000A  c_w.l(libinit2.o)
    0x08000162   0x00000000   Code   RO         4126    .ARM.Collect$$libinit$$0000000C  c_w.l(libinit2.o)
    0x08000162   0x00000000   Code   RO         4128    .ARM.Collect$$libinit$$0000000E  c_w.l(libinit2.o)
    0x08000162   0x00000000   Code   RO         4131    .ARM.Collect$$libinit$$00000011  c_w.l(libinit2.o)
    0x08000162   0x00000000   Code   RO         4133    .ARM.Collect$$libinit$$00000013  c_w.l(libinit2.o)
    0x08000162   0x00000000   Code   RO         4135    .ARM.Collect$$libinit$$00000015  c_w.l(libinit2.o)
    0x08000162   0x00000000   Code   RO         4137    .ARM.Collect$$libinit$$00000017  c_w.l(libinit2.o)
    0x08000162   0x00000000   Code   RO         4139    .ARM.Collect$$libinit$$00000019  c_w.l(libinit2.o)
    0x08000162   0x00000000   Code   RO         4141    .ARM.Collect$$libinit$$0000001B  c_w.l(libinit2.o)
    0x08000162   0x00000000   Code   RO         4143    .ARM.Collect$$libinit$$0000001D  c_w.l(libinit2.o)
    0x08000162   0x00000000   Code   RO         4145    .ARM.Collect$$libinit$$0000001F  c_w.l(libinit2.o)
    0x08000162   0x00000000   Code   RO         4147    .ARM.Collect$$libinit$$00000021  c_w.l(libinit2.o)
    0x08000162   0x00000000   Code   RO         4149    .ARM.Collect$$libinit$$00000023  c_w.l(libinit2.o)
    0x08000162   0x00000000   Code   RO         4151    .ARM.Collect$$libinit$$00000025  c_w.l(libinit2.o)
    0x08000162   0x00000000   Code   RO         4155    .ARM.Collect$$libinit$$0000002C  c_w.l(libinit2.o)
    0x08000162   0x00000000   Code   RO         4157    .ARM.Collect$$libinit$$0000002E  c_w.l(libinit2.o)
    0x08000162   0x00000000   Code   RO         4159    .ARM.Collect$$libinit$$00000030  c_w.l(libinit2.o)
    0x08000162   0x00000000   Code   RO         4161    .ARM.Collect$$libinit$$00000032  c_w.l(libinit2.o)
    0x08000162   0x00000002   Code   RO         4162    .ARM.Collect$$libinit$$00000033  c_w.l(libinit2.o)
    0x08000164   0x00000002   Code   RO         4182    .ARM.Collect$$libshutdown$$00000000  c_w.l(libshutdown.o)
    0x08000166   0x00000000   Code   RO         4195    .ARM.Collect$$libshutdown$$00000002  c_w.l(libshutdown2.o)
    0x08000166   0x00000000   Code   RO         4197    .ARM.Collect$$libshutdown$$00000004  c_w.l(libshutdown2.o)
    0x08000166   0x00000000   Code   RO         4200    .ARM.Collect$$libshutdown$$00000007  c_w.l(libshutdown2.o)
    0x08000166   0x00000000   Code   RO         4203    .ARM.Collect$$libshutdown$$0000000A  c_w.l(libshutdown2.o)
    0x08000166   0x00000000   Code   RO         4205    .ARM.Collect$$libshutdown$$0000000C  c_w.l(libshutdown2.o)
    0x08000166   0x00000000   Code   RO         4208    .ARM.Collect$$libshutdown$$0000000F  c_w.l(libshutdown2.o)
    0x08000166   0x00000002   Code   RO         4209    .ARM.Collect$$libshutdown$$00000010  c_w.l(libshutdown2.o)
    0x08000168   0x00000000   Code   RO         4078    .ARM.Collect$$rtentry$$00000000  c_w.l(__rtentry.o)
    0x08000168   0x00000000   Code   RO         4089    .ARM.Collect$$rtentry$$00000002  c_w.l(__rtentry2.o)
    0x08000168   0x00000006   Code   RO         4101    .ARM.Collect$$rtentry$$00000004  c_w.l(__rtentry4.o)
    0x0800016e   0x00000000   Code   RO         4091    .ARM.Collect$$rtentry$$00000009  c_w.l(__rtentry2.o)
    0x0800016e   0x00000004   Code   RO         4092    .ARM.Collect$$rtentry$$0000000A  c_w.l(__rtentry2.o)
    0x08000172   0x00000000   Code   RO         4094    .ARM.Collect$$rtentry$$0000000C  c_w.l(__rtentry2.o)
    0x08000172   0x00000008   Code   RO         4095    .ARM.Collect$$rtentry$$0000000D  c_w.l(__rtentry2.o)
    0x0800017a   0x00000002   Code   RO         4116    .ARM.Collect$$rtexit$$00000000  c_w.l(rtexit.o)
    0x0800017c   0x00000000   Code   RO         4164    .ARM.Collect$$rtexit$$00000002  c_w.l(rtexit2.o)
    0x0800017c   0x00000004   Code   RO         4165    .ARM.Collect$$rtexit$$00000003  c_w.l(rtexit2.o)
    0x08000180   0x00000006   Code   RO         4166    .ARM.Collect$$rtexit$$00000004  c_w.l(rtexit2.o)
    0x08000186   0x00000002   PAD
    0x08000188   0x00000040   Code   RO         3980    .text               startup_stm32f10x_md.o
    0x080001c8   0x00000006   Code   RO         4032    .text               c_w.l(heapauxi.o)
    0x080001ce   0x0000004a   Code   RO         4103    .text               c_w.l(sys_stackheap_outer.o)
    0x08000218   0x00000012   Code   RO         4105    .text               c_w.l(exit.o)
    0x0800022a   0x00000002   PAD
    0x0800022c   0x00000008   Code   RO         4113    .text               c_w.l(libspace.o)
    0x08000234   0x0000000c   Code   RO         4174    .text               c_w.l(sys_exit.o)
    0x08000240   0x00000002   Code   RO         4185    .text               c_w.l(use_no_semi.o)
    0x08000242   0x00000000   Code   RO         4187    .text               c_w.l(indicate_semi.o)
    0x08000242   0x00000004   Code   RO         1864    i.BusFault_Handler  stm32f10x_it.o
    0x08000246   0x00000002   Code   RO         1865    i.DebugMon_Handler  stm32f10x_it.o
    0x08000248   0x00000116   Code   RO         1528    i.GPIO_Init         stm32f10x_gpio.o
    0x0800035e   0x00000004   Code   RO         1535    i.GPIO_ResetBits    stm32f10x_gpio.o
    0x08000362   0x00000004   Code   RO         1536    i.GPIO_SetBits      stm32f10x_gpio.o
    0x08000366   0x00000028   Code   RO         3934    i.GetData           mpu9250_driver.o
    0x0800038e   0x00000004   Code   RO         1866    i.HardFault_Handler  stm32f10x_it.o
    0x08000392   0x00000002   PAD
    0x08000394   0x000000cc   Code   RO         3857    i.I2C1_ByteRead_Reg  i2c_driver.o
    0x08000460   0x00000080   Code   RO         3859    i.I2C1_ByteWrite_Reg  i2c_driver.o
    0x080004e0   0x00000074   Code   RO         3860    i.I2C1_Init         i2c_driver.o
    0x08000554   0x00000018   Code   RO         1649    i.I2C_AcknowledgeConfig  stm32f10x_i2c.o
    0x0800056c   0x0000002a   Code   RO         1651    i.I2C_CheckEvent    stm32f10x_i2c.o
    0x08000596   0x00000018   Code   RO         1654    i.I2C_Cmd           stm32f10x_i2c.o
    0x080005ae   0x00000018   Code   RO         1661    i.I2C_GenerateSTART  stm32f10x_i2c.o
    0x080005c6   0x00000018   Code   RO         1662    i.I2C_GenerateSTOP  stm32f10x_i2c.o
    0x080005de   0x0000003a   Code   RO         1663    i.I2C_GetFlagStatus  stm32f10x_i2c.o
    0x08000618   0x000000ec   Code   RO         1668    i.I2C_Init          stm32f10x_i2c.o
    0x08000704   0x00000008   Code   RO         1673    i.I2C_ReceiveData   stm32f10x_i2c.o
    0x0800070c   0x00000012   Code   RO         1675    i.I2C_Send7bitAddress  stm32f10x_i2c.o
    0x0800071e   0x00000004   Code   RO         1676    i.I2C_SendData      stm32f10x_i2c.o
    0x08000722   0x00000002   PAD
    0x08000724   0x0000018c   Code   RO         3936    i.MPU9250_get_data  mpu9250_driver.o
    0x080008b0   0x000000b4   Code   RO         3937    i.MPU9250_init      mpu9250_driver.o
    0x08000964   0x00000004   Code   RO         1867    i.MemManage_Handler  stm32f10x_it.o
    0x08000968   0x00000002   Code   RO         1868    i.NMI_Handler       stm32f10x_it.o
    0x0800096a   0x00000002   PAD
    0x0800096c   0x00000070   Code   RO          203    i.NVIC_Init         misc.o
    0x080009dc   0x00000014   Code   RO          204    i.NVIC_PriorityGroupConfig  misc.o
    0x080009f0   0x00000028   Code   RO         3603    i.NVIC_SetPriority  sys_time_driver.o
    0x08000a18   0x00000002   Code   RO         1869    i.PendSV_Handler    stm32f10x_it.o
    0x08000a1a   0x00000002   PAD
    0x08000a1c   0x00000020   Code   RO         2082    i.RCC_APB1PeriphClockCmd  stm32f10x_rcc.o
    0x08000a3c   0x00000020   Code   RO         2084    i.RCC_APB2PeriphClockCmd  stm32f10x_rcc.o
    0x08000a5c   0x000000d4   Code   RO         2092    i.RCC_GetClocksFreq  stm32f10x_rcc.o
    0x08000b30   0x00000002   Code   RO         1870    i.SVC_Handler       stm32f10x_it.o
    0x08000b32   0x00000002   PAD
    0x08000b34   0x00000140   Code   RO         3670    i.Send_Status       to_pc.o
    0x08000c74   0x00000008   Code   RO         3987    i.SetSysClock       system_stm32f10x.o
    0x08000c7c   0x000000e0   Code   RO         3988    i.SetSysClockTo72   system_stm32f10x.o
    0x08000d5c   0x00000018   Code   RO         1871    i.SysTick_Handler   stm32f10x_it.o
    0x08000d74   0x00000060   Code   RO         3990    i.SystemInit        system_stm32f10x.o
    0x08000dd4   0x000002cc   Code   RO         3773    i.TIM4_IRQHandler   pwm_driver.o
    0x080010a0   0x00000006   Code   RO         2768    i.TIM_ClearITPendingBit  stm32f10x_tim.o
    0x080010a6   0x00000006   Code   RO         2788    i.TIM_GetCapture1   stm32f10x_tim.o
    0x080010ac   0x00000006   Code   RO         2789    i.TIM_GetCapture2   stm32f10x_tim.o
    0x080010b2   0x00000006   Code   RO         2790    i.TIM_GetCapture3   stm32f10x_tim.o
    0x080010b8   0x00000008   Code   RO         2791    i.TIM_GetCapture4   stm32f10x_tim.o
    0x080010c0   0x00000022   Code   RO         2794    i.TIM_GetITStatus   stm32f10x_tim.o
    0x080010e2   0x00000012   Code   RO         2804    i.TIM_OC1PolarityConfig  stm32f10x_tim.o
    0x080010f4   0x0000001a   Code   RO         2809    i.TIM_OC2PolarityConfig  stm32f10x_tim.o
    0x0800110e   0x0000001a   Code   RO         2814    i.TIM_OC3PolarityConfig  stm32f10x_tim.o
    0x08001128   0x0000001a   Code   RO         2818    i.TIM_OC4PolarityConfig  stm32f10x_tim.o
    0x08001142   0x00000002   PAD
    0x08001144   0x00000064   Code   RO         3697    i.USART1_IRQHandler  usart_driver.o
    0x080011a8   0x000000b0   Code   RO         3698    i.USART1_Init       usart_driver.o
    0x08001258   0x00000038   Code   RO         3700    i.USART1_sendData   usart_driver.o
    0x08001290   0x00000064   Code   RO         3701    i.USART2_IRQHandler  usart_driver.o
    0x080012f4   0x00000018   Code   RO         3321    i.USART_Cmd         stm32f10x_usart.o
    0x0800130c   0x00000054   Code   RO         3325    i.USART_GetITStatus  stm32f10x_usart.o
    0x08001360   0x0000004a   Code   RO         3327    i.USART_ITConfig    stm32f10x_usart.o
    0x080013aa   0x00000002   PAD
    0x080013ac   0x000000d8   Code   RO         3328    i.USART_Init        stm32f10x_usart.o
    0x08001484   0x00000008   Code   RO         3338    i.USART_SendData    stm32f10x_usart.o
    0x0800148c   0x00000004   Code   RO         1872    i.UsageFault_Handler  stm32f10x_it.o
    0x08001490   0x0000001e   Code   RO         3605    i.delay_ms_soft     sys_time_driver.o
    0x080014ae   0x00000002   PAD
    0x080014b0   0x00000014   Code   RO          149    i.duty10ms          duty.o
    0x080014c4   0x00000008   Code   RO          150    i.duty1ms           duty.o
    0x080014cc   0x00000014   Code   RO          153    i.duty2ms           duty.o
    0x080014e0   0x00000002   Code   RO          154    i.duty5ms           duty.o
    0x080014e2   0x00000002   PAD
    0x080014e4   0x00000088   Code   RO         3607    i.heart_beat        sys_time_driver.o
    0x0800156c   0x00000088   Code   RO          125    i.init_all          init.o
    0x080015f4   0x00000058   Code   RO         3578    i.led_init          led_driver.o
    0x0800164c   0x00000008   Code   RO            4    i.main              main.o
    0x08001654   0x00000050   Code   RO         3608    i.sys_time_init     sys_time_driver.o
    0x080016a4   0x00000062   Code   RO         4036    x$fpl$d2f           fz_ws.l(d2f.o)
    0x08001706   0x00000002   PAD
    0x08001708   0x00000150   Code   RO         4038    x$fpl$dadd          fz_ws.l(daddsub_clz.o)
    0x08001858   0x000002b0   Code   RO         4045    x$fpl$ddiv          fz_ws.l(ddiv.o)
    0x08001b08   0x0000009c   Code   RO         4079    x$fpl$dnaninf       fz_ws.l(dnaninf.o)
    0x08001ba4   0x0000000c   Code   RO         4081    x$fpl$dretinf       fz_ws.l(dretinf.o)
    0x08001bb0   0x000001d4   Code   RO         4040    x$fpl$dsub          fz_ws.l(daddsub_clz.o)
    0x08001d84   0x00000056   Code   RO         4060    x$fpl$f2d           fz_ws.l(f2d.o)
    0x08001dda   0x00000002   PAD
    0x08001ddc   0x00000184   Code   RO         4063    x$fpl$fdiv          fz_ws.l(fdiv.o)
    0x08001f60   0x00000036   Code   RO         4066    x$fpl$ffix          fz_ws.l(ffix.o)
    0x08001f96   0x00000002   PAD
    0x08001f98   0x00000030   Code   RO         4071    x$fpl$fflt          fz_ws.l(fflt_clz.o)
    0x08001fc8   0x00000102   Code   RO         4076    x$fpl$fmul          fz_ws.l(fmul.o)
    0x080020ca   0x0000008c   Code   RO         4083    x$fpl$fnaninf       fz_ws.l(fnaninf.o)
    0x08002156   0x0000000a   Code   RO         4085    x$fpl$fretinf       fz_ws.l(fretinf.o)
    0x08002160   0x00000000   Code   RO         4087    x$fpl$usenofp       fz_ws.l(usenofp.o)
    0x08002160   0x00000020   Data   RO         4240    Region$$Table       anon$$obj.o


    Execution Region RW_IRAM1 (Base: 0x20000000, Size: 0x00000738, Max: 0x00005000, ABSOLUTE)

    Base Addr    Size         Type   Attr      Idx    E Section Name        Object

    0x20000000   0x00000014   Data   RW         2112    .data               stm32f10x_rcc.o
    0x20000014   0x0000000e   Data   RW         3609    .data               sys_time_driver.o
    0x20000022   0x00000004   Data   RW         3706    .data               usart_driver.o
    0x20000026   0x00000002   PAD
    0x20000028   0x00000048   Data   RW         3775    .data               pwm_driver.o
    0x20000070   0x00000014   Data   RW         3991    .data               system_stm32f10x.o
    0x20000084   0x00000021   Zero   RW         3671    .bss                to_pc.o
    0x200000a5   0x00000003   PAD
    0x200000a8   0x0000002c   Zero   RW         3938    .bss                mpu9250_driver.o
    0x200000d4   0x00000060   Zero   RW         4114    .bss                c_w.l(libspace.o)
    0x20000134   0x00000004   PAD
    0x20000138   0x00000200   Zero   RW         3978    HEAP                startup_stm32f10x_md.o
    0x20000338   0x00000400   Zero   RW         3977    STACK               startup_stm32f10x_md.o


==============================================================================

Image component sizes


      Code (inc. data)   RO Data    RW Data    ZI Data      Debug   Object Name

        50         10          0          0          0       1405   duty.o
       448         34          0          0          0       1857   i2c_driver.o
       136          8          0          0          0        419   init.o
        88         10          0          0          0        451   led_driver.o
         8          0          0          0          0     259707   main.o
       132         22          0          0          0       1295   misc.o
       616         36          0          0         44       9077   mpu9250_driver.o
       716        102          0         72          0       2013   pwm_driver.o
        64         26        236          0       1536        784   startup_stm32f10x_md.o
       286          0          0          0          0       2708   stm32f10x_gpio.o
       462         14          0          0          0       6860   stm32f10x_i2c.o
        48          6          0          0          0       3466   stm32f10x_it.o
       276         32          0         20          0       4062   stm32f10x_rcc.o
       162          0          0          0          0       5454   stm32f10x_tim.o
       406          6          0          0          0       4511   stm32f10x_usart.o
       286         32          0         14          0      24397   sys_time_driver.o
       328         28          0         20          0       2101   system_stm32f10x.o
       320         10          0          0         33       1349   to_pc.o
       432         40          0          4          0       2376   usart_driver.o

    ----------------------------------------------------------------------
      5282        416        268        132       1616     334292   Object Totals
         0          0         32          0          0          0   (incl. Generated)
        18          0          0          2          3          0   (incl. Padding)

    ----------------------------------------------------------------------

      Code (inc. data)   RO Data    RW Data    ZI Data      Debug   Library Member Name

         8          0          0          0          0         68   __main.o
         0          0          0          0          0          0   __rtentry.o
        12          0          0          0          0          0   __rtentry2.o
         6          0          0          0          0          0   __rtentry4.o
        52          8          0          0          0          0   __scatter.o
        26          0          0          0          0          0   __scatter_copy.o
        28          0          0          0          0          0   __scatter_zi.o
        18          0          0          0          0         80   exit.o
         6          0          0          0          0        152   heapauxi.o
         0          0          0          0          0          0   indicate_semi.o
         2          0          0          0          0          0   libinit.o
         2          0          0          0          0          0   libinit2.o
         2          0          0          0          0          0   libshutdown.o
         2          0          0          0          0          0   libshutdown2.o
         8          4          0          0         96         68   libspace.o
         2          0          0          0          0          0   rtexit.o
        10          0          0          0          0          0   rtexit2.o
        12          4          0          0          0         68   sys_exit.o
        74          0          0          0          0         80   sys_stackheap_outer.o
         2          0          0          0          0         68   use_no_semi.o
        98          4          0          0          0         92   d2f.o
       804         16          0          0          0        272   daddsub_clz.o
       688        140          0          0          0        208   ddiv.o
       156          4          0          0          0         92   dnaninf.o
        12          0          0          0          0         68   dretinf.o
        86          4          0          0          0         84   f2d.o
       388         76          0          0          0         96   fdiv.o
        54          4          0          0          0         84   ffix.o
        48          0          0          0          0         68   fflt_clz.o
       258          4          0          0          0         84   fmul.o
       140          4          0          0          0         84   fnaninf.o
        10          0          0          0          0         68   fretinf.o
         0          0          0          0          0          0   usenofp.o

    ----------------------------------------------------------------------
      3026        272          0          0        100       1884   Library Totals
        12          0          0          0          4          0   (incl. Padding)

    ----------------------------------------------------------------------

      Code (inc. data)   RO Data    RW Data    ZI Data      Debug   Library Name

       272         16          0          0         96        584   c_w.l
      2742        256          0          0          0       1300   fz_ws.l

    ----------------------------------------------------------------------
      3026        272          0          0        100       1884   Library Totals

    ----------------------------------------------------------------------

==============================================================================


      Code (inc. data)   RO Data    RW Data    ZI Data      Debug   

      8308        688        268        132       1716     332012   Grand Totals
      8308        688        268        132       1716     332012   ELF Image Totals
      8308        688        268        132          0          0   ROM Totals

==============================================================================

    Total RO  Size (Code + RO Data)                 8576 (   8.38kB)
    Total RW  Size (RW Data + ZI Data)              1848 (   1.80kB)
    Total ROM Size (Code + RO Data + RW Data)       8708 (   8.50kB)

==============================================================================

